cmath:184:3:constexpr float std::cos(float)	16	static
cmath:425:3:constexpr float std::sin(float)	16	static
vehicle.h:24:15:void param_element::set(float)	16	static
vehicle.h:26:16:float param_element::get()	16	static
vehicle.h:143:16:virtual void Vehicle::motorSetDuty_l(int)	16	static
vehicle.h:147:16:virtual void Vehicle::motorSetDuty_r(int)	16	static
vehicle.h:166:16:virtual void Vehicle::suctionSetDuty(int)	16	static
vehicle.h:172:16:virtual void Vehicle::suctionStop()	16	static
vehicle.h:183:7:virtual void Vehicle_type7::motorSetDuty_l(int)	16	static
vehicle.h:189:7:virtual void Vehicle_type7::motorSetDuty_r(int)	16	static
vehicle.h:195:7:virtual void Vehicle_type7::suctionSetDuty(int)	16	static
vehicle.h:202:7:virtual void Vehicle_type7::suctionStop()	16	static
sensing_task.h:117:8:virtual void IrSensTask_type7::IrSensorSet()	16	static
ctrl_task.h:158:3:Motion::Motion(Vehicle*, IrSensTask*, int)	24	static
ctrl_task.h:290:3:CtrlTask::CtrlTask(Vehicle*, IrSensTask*, int)	24	static
ctrl_task.h:308:3:CtrlTask_type7::CtrlTask_type7(Vehicle*, IrSensTask*)	24	static
interrupt.cpp:25:6:void HAL_TIM_PeriodElapsedCallback(TIM_HandleTypeDef*)	16	static
interrupt.cpp:34:6:void HAL_ADC_ConvCpltCallback(ADC_HandleTypeDef*)	16	static
interrupt.cpp:44:6:void Interrupt_Initialize()	8	static
interrupt.cpp:96:6:void Interrupt::preprocess()	408	static
interrupt.cpp:175:6:void Interrupt::main()	16	static
interrupt.cpp:187:6:void Interrupt::postprocess()	16	static
controller.h:19:7:constexpr PID_Controller::PID_Controller()	16	static
controller.h:37:7:constexpr mouse_Controller::mouse_Controller()	16	static
vehicle.h:60:7:Vehicle::Vehicle()	16	static
vehicle.h:181:7:Vehicle_type7::Vehicle_type7()	16	static
singleton.h:15:12:static T& Singleton<T>::getInstance() [with T = Vehicle_type7]	8	static
sensing_task.h:49:7:IrSensTask::IrSensTask()	16	static
sensing_task.h:114:7:IrSensTask_type7::IrSensTask_type7()	16	static
singleton.h:15:12:static T& Singleton<T>::getInstance() [with T = IrSensTask_type7]	8	static
singleton.h:15:12:static T& Singleton<T>::getInstance() [with T = Interrupt]	4	static
singleton.h:15:12:static T& Singleton<T>::getInstance() [with T = CtrlTask_type7]	16	static
log_data.h:19:7:LogData::LogData()	16	static
singleton.h:15:12:static T& Singleton<T>::getInstance() [with T = LogData]	8	static
