vehicle.h:24:15:void param_element::set(float)	16	static
vehicle.h:26:16:float param_element::get()	16	static
vehicle.h:143:16:virtual void Vehicle::motorSetDuty_l(int)	16	static
vehicle.h:147:16:virtual void Vehicle::motorSetDuty_r(int)	16	static
vehicle.h:166:16:virtual void Vehicle::suctionSetDuty(int)	16	static
vehicle.h:172:16:virtual void Vehicle::suctionStop()	16	static
vehicle.h:183:7:virtual void Vehicle_type7::motorSetDuty_l(int)	16	static
vehicle.h:189:7:virtual void Vehicle_type7::motorSetDuty_r(int)	16	static
vehicle.h:195:7:virtual void Vehicle_type7::suctionSetDuty(int)	16	static
vehicle.h:202:7:virtual void Vehicle_type7::suctionStop()	16	static
sensing_task.h:127:8:virtual void IrSensTask_type7::IrSensorSet()	16	static
log_data.cpp:23:6:void LogData::indicate_data()	72	static
log_data.cpp:180:6:void LogData::logging()	600	static
controller.h:19:7:constexpr PID_Controller::PID_Controller()	16	static
controller.h:37:7:constexpr mouse_Controller::mouse_Controller()	16	static
vehicle.h:60:7:Vehicle::Vehicle()	16	static
vehicle.h:181:7:Vehicle_type7::Vehicle_type7()	16	static
singleton.h:15:12:static T& Singleton<T>::getInstance() [with T = Vehicle_type7]	8	static
sensing_task.h:52:7:IrSensTask::IrSensTask()	16	static
sensing_task.h:124:7:IrSensTask_type7::IrSensTask_type7()	16	static
singleton.h:15:12:static T& Singleton<T>::getInstance() [with T = IrSensTask_type7]	8	static
