vehicle.h:24:15:void param_element::set(float)	16	static
vehicle.h:143:16:virtual void Vehicle::motorSetDuty_l(int)	16	static
vehicle.h:147:16:virtual void Vehicle::motorSetDuty_r(int)	16	static
vehicle.h:166:16:virtual void Vehicle::suctionSetDuty(int)	16	static
vehicle.h:172:16:virtual void Vehicle::suctionStop()	16	static
vehicle.h:183:7:virtual void Vehicle_type7::motorSetDuty_l(int)	16	static
vehicle.h:189:7:virtual void Vehicle_type7::motorSetDuty_r(int)	16	static
vehicle.h:195:7:virtual void Vehicle_type7::suctionSetDuty(int)	16	static
vehicle.h:202:7:virtual void Vehicle_type7::suctionStop()	16	static
sensing_task.h:127:8:virtual void IrSensTask_type7::IrSensorSet()	16	static
wall_class.h:20:3:wall_class::wall_class(IrSensTask*)	16	static
gthr-default.h:229:1:int __gthread_key_delete(__gthread_key_t)	16	static
ctrl_task.h:158:3:Motion::Motion(Vehicle*, IrSensTask*, int)	24	static
ctrl_task.h:167:24:t_exeStatus Motion::motion_exeStatus_get()	16	static
ctrl_task.h:317:15:IrSensTask* Motion::return_irObj()	16	static
ctrl_task.h:330:3:CtrlTask::CtrlTask(Vehicle*, IrSensTask*, int)	24	static
ctrl_task.h:348:3:CtrlTask_type7::CtrlTask_type7(Vehicle*, IrSensTask*)	24	static
interrupt.h:32:12:uint32_t Interrupt::return_time_count()	16	static
search_class.h:57:8:void Search::reset_search_time()	16	static
search_class.h:109:14:t_position Search::search_adachi_3_acc(t_position, t_position, int, wall_class*, make_map*, Motion*)	48	static
make_path.h:95:3:calcRunTime::calcRunTime()	16	static
make_path.h:146:3:Dijkstra::Dijkstra(wall_class*)	16	static
path_follow.h:34:8:void path_follow_class::set_path_follow_gain(float, float)	24	static
search_class.h:27:7:Search::Search()	16	static
demo2.cpp:42:6:void Mode::Demo2()	30312	static
controller.h:19:7:constexpr PID_Controller::PID_Controller()	16	static
controller.h:37:7:constexpr mouse_Controller::mouse_Controller()	16	static
vehicle.h:60:7:Vehicle::Vehicle()	16	static
vehicle.h:181:7:Vehicle_type7::Vehicle_type7()	16	static
singleton.h:15:12:static T& Singleton<T>::getInstance() [with T = Vehicle_type7]	8	static
sensing_task.h:52:7:IrSensTask::IrSensTask()	16	static
sensing_task.h:124:7:IrSensTask_type7::IrSensTask_type7()	16	static
singleton.h:15:12:static T& Singleton<T>::getInstance() [with T = IrSensTask_type7]	8	static
singleton.h:15:12:static T& Singleton<T>::getInstance() [with T = Interrupt]	4	static
singleton.h:15:12:static T& Singleton<T>::getInstance() [with T = CtrlTask_type7]	16	static
queue_class.h:22:3:ring_queue<SIZE, T>::ring_queue() [with unsigned int SIZE = 1024; T = t_MapNode]	16	static
path_follow.h:15:7:path_follow_class::path_follow_class()	16	static
singleton.h:15:12:static T& Singleton<T>::getInstance() [with T = path_follow_class]	8	static
demo2.cpp:371:1:void __static_initialization_and_destruction_0(int, int)	16	static
demo2.cpp:371:1:cpp)	8	static
demo2.cpp:371:1:cpp)	8	static
