vehicle.h:24:15:void param_element::set(float)	16	static
vehicle.h:26:16:float param_element::get()	16	static
vehicle.h:143:16:virtual void Vehicle::motorSetDuty_l(int)	16	static
vehicle.h:147:16:virtual void Vehicle::motorSetDuty_r(int)	16	static
vehicle.h:166:16:virtual void Vehicle::suctionSetDuty(int)	16	static
vehicle.h:172:16:virtual void Vehicle::suctionStop()	16	static
vehicle.h:183:7:virtual void Vehicle_type7::motorSetDuty_l(int)	16	static
vehicle.h:189:7:virtual void Vehicle_type7::motorSetDuty_r(int)	16	static
vehicle.h:195:7:virtual void Vehicle_type7::suctionSetDuty(int)	16	static
vehicle.h:202:7:virtual void Vehicle_type7::suctionStop()	16	static
sensing_task.h:127:8:virtual void IrSensTask_type7::IrSensorSet()	16	static
gthr-default.h:229:1:int __gthread_key_delete(__gthread_key_t)	16	static
ctrl_task.h:158:3:Motion::Motion(Vehicle*, IrSensTask*, int)	24	static
ctrl_task.h:167:24:t_exeStatus Motion::motion_exeStatus_get()	16	static
ctrl_task.h:202:22:t_exeStatus Motion::execute_Motion()	16	static
ctrl_task.h:234:22:t_exeStatus Motion::exe_Motion_pivot_turn(float, float, float, const t_pid_gain*, const t_pid_gain*)	32	static
ctrl_task.h:241:22:t_exeStatus Motion::exe_Motion_fix_wall(float, const t_pid_gain*, const t_pid_gain*)	24	static
ctrl_task.h:316:12:Vehicle* Motion::return_vehicleObj()	16	static
ctrl_task.h:317:15:IrSensTask* Motion::return_irObj()	16	static
ctrl_task.h:330:3:CtrlTask::CtrlTask(Vehicle*, IrSensTask*, int)	24	static
ctrl_task.h:348:3:CtrlTask_type7::CtrlTask_type7(Vehicle*, IrSensTask*)	24	static
interrupt.h:32:12:uint32_t Interrupt::return_time_count()	16	static
interface_check.cpp:43:7:void Mode::Interface_Check()	856	static
controller.h:19:7:constexpr PID_Controller::PID_Controller()	16	static
controller.h:37:7:constexpr mouse_Controller::mouse_Controller()	16	static
vehicle.h:60:7:Vehicle::Vehicle()	16	static
vehicle.h:181:7:Vehicle_type7::Vehicle_type7()	16	static
singleton.h:15:12:static T& Singleton<T>::getInstance() [with T = Vehicle_type7]	8	static
sensing_task.h:52:7:IrSensTask::IrSensTask()	16	static
sensing_task.h:124:7:IrSensTask_type7::IrSensTask_type7()	16	static
singleton.h:15:12:static T& Singleton<T>::getInstance() [with T = IrSensTask_type7]	8	static
singleton.h:15:12:static T& Singleton<T>::getInstance() [with T = Interrupt]	4	static
singleton.h:15:12:static T& Singleton<T>::getInstance() [with T = CtrlTask_type7]	16	static
Kalman_filter.h:13:7:KalmanFilter::KalmanFilter()	16	static
singleton.h:15:12:static T& Singleton<T>::getInstance() [with T = KalmanFilter]	8	static
log_data.h:19:7:LogData::LogData()	16	static
singleton.h:15:12:static T& Singleton<T>::getInstance() [with T = LogData]	8	static
interface_check.cpp:265:1:void __static_initialization_and_destruction_0(int, int)	16	static
interface_check.cpp:265:1:cpp)	8	static
interface_check.cpp:265:1:cpp)	8	static
