run_task.h:151:14:t_run_mode RunTask::get_run_mode_state()	16	static
cmath:184:3:constexpr float std::cos(float)	16	static
interrupt.cpp:21:6:void HAL_TIM_PeriodElapsedCallback(TIM_HandleTypeDef*)	16	static
interrupt.cpp:30:6:void Interrupt_Initialize()	8	static
interrupt.cpp:34:6:void Interrupt::preprocess()	120	static
interrupt.cpp:91:6:void Interrupt::main()	16	static
interrupt.cpp:97:6:void Interrupt::postprocess()	24	static
singleton.h:15:12:static T& Singleton<T>::getInstance() [with T = Interrupt]	4	static
singleton.h:15:12:static T& Singleton<T>::getInstance() [with T = SensingTask]	4	static
Kalman_filter.h:14:7:KalmanFilter::KalmanFilter()	16	static
singleton.h:15:12:static T& Singleton<T>::getInstance() [with T = KalmanFilter]	8	static
run_task.h:114:7:RunTask::RunTask()	16	static
controll.h:13:7:constexpr PID_Controller::PID_Controller()	16	static
controll.h:30:7:constexpr mouse_Controll::mouse_Controll()	16	static
motion.h:18:7:motion_task::motion_task()	16	static
singleton.h:15:12:static T& Singleton<T>::getInstance() [with T = motion_task]	8	static
log_data.h:14:7:LogData::LogData()	16	static
singleton.h:15:12:static T& Singleton<T>::getInstance() [with T = LogData]	8	static
