interrupt.cpp:15:6:void HAL_TIM_PeriodElapsedCallback(TIM_HandleTypeDef*)	16	static
interrupt.cpp:24:6:void Interrupt_Initialize()	8	static
interrupt.cpp:28:6:void Interrupt::preprocess()	16	static
interrupt.cpp:35:6:void Interrupt::main()	16	static
interrupt.cpp:41:6:void Interrupt::postprocess()	16	static
singleton.h:15:12:static T& Singleton<T>::getInstance() [with T = Interrupt]	4	static
singleton.h:15:12:static T& Singleton<T>::getInstance() [with T = SensingTask]	4	static
run_task.h:41:7:constexpr RunTask::RunTask()	16	static
motion.h:18:7:motion_task::motion_task()	16	static
singleton.h:15:12:static T& Singleton<T>::getInstance() [with T = motion_task]	8	static
