wall_class.h:27:3:wall_class::wall_class(SensingTask*)	16	static
gthr-default.h:229:1:int __gthread_key_delete(__gthread_key_t)	16	static
main.cpp:26:6:void CPP_Main()	11432	static
singleton.h:15:12:static T& Singleton<T>::getInstance() [with T = SensingTask]	4	static
run_task.h:60:7:constexpr RunTask::RunTask()	16	static
controll.h:13:7:constexpr PID_Controller::PID_Controller()	16	static
controll.h:28:7:constexpr mouse_Controll::mouse_Controll()	16	static
motion.h:18:7:motion_task::motion_task()	16	static
singleton.h:15:12:static T& Singleton<T>::getInstance() [with T = motion_task]	8	static
Kalman_filter.h:14:7:KalmanFilter::KalmanFilter()	16	static
singleton.h:15:12:static T& Singleton<T>::getInstance() [with T = KalmanFilter]	8	static
log_data.h:14:7:LogData::LogData()	16	static
singleton.h:15:12:static T& Singleton<T>::getInstance() [with T = LogData]	8	static
main.cpp:185:1:void __static_initialization_and_destruction_0(int, int)	16	static
main.cpp:185:1:cpp)	8	static
main.cpp:185:1:cpp)	8	static
