gthr-default.h:229:1:int __gthread_key_delete(__gthread_key_t)	16	static
make_path_expand.cpp:33:15:t_posDijkstra Dijkstra::LocalPosDir2GlobWallPos_Center(t_posDijkstra, t_direction, t_local_dir, t_local_dir)	32	static
make_path_expand.cpp:106:15:t_posDijkstra Dijkstra::LocalPosDir2GlobWallPos_WPos(t_posDijkstra, t_direction, t_local_dir)	32	static
make_path_expand.cpp:343:12:t_element* Dijkstra::get_closure_inf(t_posDijkstra)	16	static
make_path_expand.cpp:357:6:void Dijkstra::straight_expand(t_posDijkstra, t_direction)	24	static
make_path_expand.cpp:362:6:void Dijkstra::diagonal_expand(t_posDijkstra, t_direction)	24	static
make_path_expand.cpp:367:6:void Dijkstra::turn_inR45_expand(t_posDijkstra, t_direction)	32	static
make_path_expand.cpp:373:6:void Dijkstra::turn_inL45_expand(t_posDijkstra, t_direction)	32	static
make_path_expand.cpp:379:6:void Dijkstra::turn_outR45_expand(t_posDijkstra, t_direction)	32	static
make_path_expand.cpp:384:6:void Dijkstra::turn_outL45_expand(t_posDijkstra, t_direction)	32	static
make_path_expand.cpp:389:6:void Dijkstra::turn_inR135_expand(t_posDijkstra, t_direction)	32	static
make_path_expand.cpp:394:6:void Dijkstra::turn_inL135_expand(t_posDijkstra, t_direction)	32	static
make_path_expand.cpp:399:6:void Dijkstra::turn_outR135_expand(t_posDijkstra, t_direction)	32	static
make_path_expand.cpp:404:6:void Dijkstra::turn_outL135_expand(t_posDijkstra, t_direction)	32	static
make_path_expand.cpp:409:6:void Dijkstra::longturn_R90_expand(t_posDijkstra, t_direction)	32	static
make_path_expand.cpp:414:6:void Dijkstra::longturn_L90_expand(t_posDijkstra, t_direction)	32	static
make_path_expand.cpp:419:6:void Dijkstra::longturn_R180_expand(t_posDijkstra, t_direction)	32	static
make_path_expand.cpp:424:6:void Dijkstra::longturn_L180_expand(t_posDijkstra, t_direction)	32	static
make_path_expand.cpp:429:6:void Dijkstra::turn_vR90_expand(t_posDijkstra, t_direction)	32	static
make_path_expand.cpp:434:6:void Dijkstra::turn_vL90_expand(t_posDijkstra, t_direction)	32	static
make_path_expand.cpp:437:1:void __static_initialization_and_destruction_0(int, int)	16	static
make_path_expand.cpp:437:1:cpp)	8	static
make_path_expand.cpp:437:1:cpp)	8	static
