gthr-default.h:229:1:int __gthread_key_delete(__gthread_key_t)	16	static
make_path_expand.cpp:34:15:t_posDijkstra Dijkstra::LocalPosDir2GlobWallPos_Center(t_posDijkstra, t_direction, t_local_dir, t_local_dir)	32	static
make_path_expand.cpp:107:15:t_posDijkstra Dijkstra::LocalPosDir2GlobWallPos_WPos(t_posDijkstra, t_direction, t_local_dir)	32	static
make_path_expand.cpp:519:12:t_element* Dijkstra::get_closure_inf(t_posDijkstra)	16	static
make_path_expand.cpp:533:9:uint8_t Dijkstra::get_wall_inf(t_posDijkstra)	24	static
make_path_expand.cpp:566:6:void Dijkstra::straight_expand(t_posDijkstra, t_direction)	88	static
make_path_expand.cpp:595:6:void Dijkstra::diagonal_expand(t_posDijkstra, t_direction)	88	static
make_path_expand.cpp:625:6:void Dijkstra::turn_inR45_expand(t_posDijkstra, t_direction)	88	static
make_path_expand.cpp:647:6:void Dijkstra::turn_inL45_expand(t_posDijkstra, t_direction)	88	static
make_path_expand.cpp:668:6:void Dijkstra::turn_outR45_expand(t_posDijkstra, t_direction)	80	static
make_path_expand.cpp:715:6:void Dijkstra::turn_outL45_expand(t_posDijkstra, t_direction)	80	static
make_path_expand.cpp:763:6:void Dijkstra::turn_inR135_expand(t_posDijkstra, t_direction)	88	static
make_path_expand.cpp:801:6:void Dijkstra::turn_inL135_expand(t_posDijkstra, t_direction)	96	static
make_path_expand.cpp:823:6:void Dijkstra::turn_outR135_expand(t_posDijkstra, t_direction)	88	static
make_path_expand.cpp:873:6:void Dijkstra::turn_outL135_expand(t_posDijkstra, t_direction)	88	static
make_path_expand.cpp:922:6:void Dijkstra::longturn_R90_expand(t_posDijkstra, t_direction)	88	static
make_path_expand.cpp:944:6:void Dijkstra::longturn_L90_expand(t_posDijkstra, t_direction)	88	static
make_path_expand.cpp:966:6:void Dijkstra::longturn_R180_expand(t_posDijkstra, t_direction)	88	static
make_path_expand.cpp:989:6:void Dijkstra::longturn_L180_expand(t_posDijkstra, t_direction)	88	static
make_path_expand.cpp:1011:6:void Dijkstra::turn_vR90_expand(t_posDijkstra, t_direction)	88	static
make_path_expand.cpp:1048:6:void Dijkstra::turn_vL90_expand(t_posDijkstra, t_direction)	88	static
make_path_expand.cpp:1084:1:void __static_initialization_and_destruction_0(int, int)	16	static
make_path_expand.cpp:1084:1:cpp)	8	static
make_path_expand.cpp:1084:1:cpp)	8	static
