gthr-default.h:229:1:int __gthread_key_delete(__gthread_key_t)	16	static
make_path_expand.cpp:33:15:t_posDijkstra Dijkstra::LocalPosDir2GlobWallPos_Center(t_posDijkstra, t_direction, t_local_dir, t_local_dir)	32	static
make_path_expand.cpp:106:15:t_posDijkstra Dijkstra::LocalPosDir2GlobWallPos_WPos(t_posDijkstra, t_direction, t_local_dir, t_local_dir)	32	static
make_path_expand.cpp:176:12:t_element* Dijkstra::get_closure_inf(t_posDijkstra)	16	static
make_path_expand.cpp:190:6:void Dijkstra::straight_expand(t_posDijkstra, t_direction)	24	static
make_path_expand.cpp:195:6:void Dijkstra::diagonal_expand(t_posDijkstra, t_direction)	24	static
make_path_expand.cpp:200:6:void Dijkstra::turn_inR45_expand(t_posDijkstra, t_direction)	32	static
make_path_expand.cpp:206:6:void Dijkstra::turn_inL45_expand(t_posDijkstra, t_direction)	32	static
make_path_expand.cpp:212:6:void Dijkstra::turn_outR45_expand(t_posDijkstra, t_direction)	32	static
make_path_expand.cpp:217:6:void Dijkstra::turn_outL45_expand(t_posDijkstra, t_direction)	32	static
make_path_expand.cpp:222:6:void Dijkstra::turn_inR135_expand(t_posDijkstra, t_direction)	32	static
make_path_expand.cpp:227:6:void Dijkstra::turn_inL135_expand(t_posDijkstra, t_direction)	32	static
make_path_expand.cpp:232:6:void Dijkstra::turn_outR135_expand(t_posDijkstra, t_direction)	32	static
make_path_expand.cpp:237:6:void Dijkstra::turn_outL135_expand(t_posDijkstra, t_direction)	32	static
make_path_expand.cpp:242:6:void Dijkstra::longturn_R90_expand(t_posDijkstra, t_direction)	32	static
make_path_expand.cpp:247:6:void Dijkstra::longturn_L90_expand(t_posDijkstra, t_direction)	32	static
make_path_expand.cpp:252:6:void Dijkstra::longturn_R180_expand(t_posDijkstra, t_direction)	32	static
make_path_expand.cpp:257:6:void Dijkstra::longturn_L180_expand(t_posDijkstra, t_direction)	32	static
make_path_expand.cpp:262:6:void Dijkstra::turn_vR90_expand(t_posDijkstra, t_direction)	32	static
make_path_expand.cpp:267:6:void Dijkstra::turn_vL90_expand(t_posDijkstra, t_direction)	32	static
make_path_expand.cpp:270:1:void __static_initialization_and_destruction_0(int, int)	16	static
make_path_expand.cpp:270:1:cpp)	8	static
make_path_expand.cpp:270:1:cpp)	8	static
