motion.h:53:3:motion_plan::motion_plan(motion_task*)	16	static
interrupt.h:35:12:uint32_t Interrupt::return_time_count()	16	static
wall_class.h:20:3:wall_class::wall_class(SensingTask*)	16	static
gthr-default.h:229:1:int __gthread_key_delete(__gthread_key_t)	16	static
make_path.h:89:3:calcRunTime::calcRunTime()	16	static
make_path.h:140:3:Dijkstra::Dijkstra(wall_class*)	16	static
test_wall.h:57:7:void test_maze::test_wall_set(wall_class*)	24	static
mode.cpp:36:10:uint8_t Mode::Select(uint8_t, uint8_t, t_encoder)	24	static
mode.cpp:51:7:void Mode::Demo()	45304	static
mode.cpp:301:7:void Mode::Debug()	45320	static
mode.cpp:827:7:void Mode::Debug2()	45328	static
mode.cpp:1359:7:void Mode::Interface_Check()	45312	static
mode.cpp:1580:7:void Mode::Select_Mode()	64	static
singleton.h:15:12:static T& Singleton<T>::getInstance() [with T = Interrupt]	4	static
queue_class.h:22:3:ring_queue<SIZE, T>::ring_queue() [with unsigned int SIZE = 1024; T = t_MapNode]	16	static
run_task.h:114:7:RunTask::RunTask()	16	static
controll.h:13:7:constexpr PID_Controller::PID_Controller()	16	static
controll.h:30:7:constexpr mouse_Controll::mouse_Controll()	16	static
motion.h:18:7:motion_task::motion_task()	16	static
singleton.h:15:12:static T& Singleton<T>::getInstance() [with T = motion_task]	8	static
singleton.h:15:12:static T& Singleton<T>::getInstance() [with T = SensingTask]	4	static
Kalman_filter.h:14:7:KalmanFilter::KalmanFilter()	16	static
singleton.h:15:12:static T& Singleton<T>::getInstance() [with T = KalmanFilter]	8	static
log_data.h:14:7:LogData::LogData()	16	static
singleton.h:15:12:static T& Singleton<T>::getInstance() [with T = LogData]	8	static
mode.cpp:1614:1:void __static_initialization_and_destruction_0(int, int)	16	static
mode.cpp:1614:1:cpp)	8	static
mode.cpp:1614:1:cpp)	8	static
