run_task.h:101:8:void RunTask::reset_brake_time()	16	static
sensing_task.h:48:8:void SensingTask::Division_Wall_Correction_Reset()	16	static
motion_plan.cpp:14:6:void motion_plan::motion_start(motion_task*)	16	static
motion_plan.cpp:28:6:void motion_plan::free_rotation(motion_task*)	16	static
motion_plan.cpp:35:6:void motion_plan::search_straight(motion_task*, float, float, float, float)	88	static
motion_plan.cpp:67:6:void motion_plan::straight(motion_task*, float, float, float, float)	88	static
motion_plan.cpp:100:6:void motion_plan::diagonal(motion_task*, float, float, float, float)	88	static
motion_plan.cpp:132:6:void motion_plan::pivot_turn(motion_task*, float, float, float)	88	static
motion_plan.cpp:162:6:void motion_plan::searchSlalom(motion_task*, const t_param*)	80	static
motion_plan.cpp:191:6:void motion_plan::turn_in(motion_task*, const t_param*, t_run_pattern)	80	static
motion_plan.cpp:219:6:void motion_plan::turn_out(motion_task*, const t_param*, t_run_pattern)	80	static
motion_plan.cpp:247:6:void motion_plan::long_turn(motion_task*, const t_param*, t_run_pattern)	80	static
motion_plan.cpp:275:6:void motion_plan::turn_v90(motion_task*, const t_param*, t_run_pattern)	80	static
motion_plan.cpp:304:6:void motion_plan::fix_wall(motion_task*, float)	80	static
singleton.h:15:12:static T& Singleton<T>::getInstance() [with T = SensingTask]	4	static
