motion_task.cpp:15:6:void motion_task::motion_inInterrupt()	72	static
motion_task.cpp:77:6:void motion_task::motionControll()	88	static
motion_task.cpp:140:6:void motion_task::motionPostControll()	24	static
motion_task.cpp:207:8:t_bool motion_task::is_controll_enable()	24	static
run_task.h:79:7:constexpr RunTask::RunTask()	16	static
controll.h:13:7:constexpr PID_Controller::PID_Controller()	16	static
controll.h:28:7:constexpr mouse_Controll::mouse_Controll()	16	static
motion.h:18:7:motion_task::motion_task()	16	static
singleton.h:15:12:static T& Singleton<T>::getInstance() [with T = motion_task]	8	static
singleton.h:15:12:static T& Singleton<T>::getInstance() [with T = SensingTask]	4	static
