gthr-default.h:229:1:int __gthread_key_delete(__gthread_key_t)	16	static
adachi_class.h:22:3:adachi::adachi(wall_class*, make_map*)	24	static
search.cpp:16:8:t_bool Search::i_am_goal(int, int, int, int, int)	32	static
search.cpp:28:8:t_bool Search::i_am_goal(t_position, t_position, int)	48	static
search.cpp:44:12:t_position Search::search_adachi_1(t_position, t_position, int, wall_class*, make_map*, motion_plan*)	48	static
search.cpp:88:1:void __static_initialization_and_destruction_0(int, int)	16	static
search.cpp:88:1:cpp)	8	static
search.cpp:88:1:cpp)	8	static
