sensing_task.cpp:17:14:t_wall_state SensingTask::conv_Sensin2Wall(t_sensor_dir)	16	static
sensing_task.cpp:33:6:void SensingTask::IrSensorSet()	24	static
sensing_task.cpp:44:7:float SensingTask::IrSensor_adc2voltage(int16_t)	24	static
sensing_task.cpp:49:7:float SensingTask::IrSensor_Vce(int16_t)	16	static
sensing_task.cpp:54:7:float SensingTask::IrSensor_SensingCurrent(int16_t)	16	static
sensing_task.cpp:59:7:float SensingTask::IrSensor_RelativeCurrent(int16_t)	24	static
sensing_task.cpp:64:7:float SensingTask::IrSensor_Irradiance(int16_t)	24	static
sensing_task.cpp:74:7:float SensingTask::Sensor_CalcDistance(t_sensor_dir, int16_t)	40	static
sensing_task.cpp:146:6:void SensingTask::IrSensorDistanceSet()	16	static
sensing_task.cpp:177:6:void SensingTask::IrSensorWallSet()	24	static
sensing_task.cpp:228:6:void SensingTask::SetWallControll_RadVelo(t_machine_param*, t_machine_param*, float)	72	static
sensing_task.cpp:286:9:int16_t SensingTask::IrSensor_Avg()	16	static
run_task.h:114:7:RunTask::RunTask()	16	static
controll.h:13:7:constexpr PID_Controller::PID_Controller()	16	static
controll.h:30:7:constexpr mouse_Controll::mouse_Controll()	16	static
motion.h:18:7:motion_task::motion_task()	16	static
singleton.h:15:12:static T& Singleton<T>::getInstance() [with T = motion_task]	8	static
