vehicle.h:24:15:void param_element::set(float)	16	static
vehicle.h:25:15:void param_element::init()	16	static
vehicle.h:26:16:float param_element::get()	16	static
vehicle.h:34:15:void turn_dir_element::set(t_turn_dir)	16	static
vehicle.h:35:15:void turn_dir_element::init()	16	static
vehicle.h:68:8:void Vehicle::ego_initialize()	16	static
vehicle.h:102:8:void Vehicle::ideal_initialize()	16	static
vehicle.h:156:8:void Vehicle::suction_flag_set(t_bool)	16	static
sensing_task.h:69:8:void IrSensTask::IrSensMotion_Set(t_irsens_motion)	16	static
sensing_task.h:75:15:void IrSensTask::EnableIrSens()	16	static
sensing_task.h:77:8:void IrSensTask::EnableIrSensStraight()	16	static
sensing_task.h:78:8:void IrSensTask::EnableIrSensDiagonal()	16	static
sensing_task.h:106:8:void IrSensTask::Division_Wall_Correction_Reset()	16	static
ctrl_task.h:126:15:void Motion::run_time_ms_reset()	16	static
ctrl_task.h:131:15:void Motion::run_time_limit_ms_reset()	16	static
ctrl_task.h:132:15:void Motion::run_time_limit_ms_set(float)	16	static
ctrl_task.h:136:18:void Motion::motion_pattern_set(t_run_pattern)	16	static
ctrl_task.h:139:18:void Motion::motion_state_set(t_runStatus)	16	static
ctrl_task.h:142:18:void Motion::motion_exeStatus_set(t_exeStatus)	16	static
ctrl_task.h:145:17:void Motion::motion_enable_set()	16	static
ctrl_task.h:146:17:void Motion::motion_disable_set()	16	static
ctrl_task.h:151:8:void Motion::error_counter_reset()	16	static
ctrl_task.h:167:24:t_exeStatus Motion::motion_exeStatus_get()	16	static
init_motion.cpp:13:6:void Motion::Motion_start()	16	static
init_motion.cpp:29:6:void Motion::Motion_end()	16	static
init_motion.cpp:45:6:void Motion::Motion_error_handling()	16	static
init_motion.cpp:74:6:void Motion::Init_Motion_free_rotation_set()	16	static
init_motion.cpp:110:6:void Motion::Init_Motion_search_straight(float, float, float, float, const t_pid_gain*, const t_pid_gain*)	64	static
init_motion.cpp:177:6:void Motion::Init_Motion_search_turn(const t_param*, const t_pid_gain*, const t_pid_gain*)	56	static
init_motion.cpp:270:6:void Motion::Init_Motion_straight(float, float, float, float, const t_pid_gain*, const t_pid_gain*)	64	static
init_motion.cpp:340:6:void Motion::Init_Motion_backward(const t_pid_gain*, const t_pid_gain*)	48	static
init_motion.cpp:411:6:void Motion::Init_Motion_diagonal(float, float, float, float, const t_pid_gain*, const t_pid_gain*)	64	static
init_motion.cpp:479:6:void Motion::Init_Motion_pivot_turn(float, float, float, const t_pid_gain*, const t_pid_gain*)	64	static
init_motion.cpp:547:6:void Motion::Init_Motion_turn_in(const t_param*, t_run_pattern, const t_pid_gain*, const t_pid_gain*)	64	static
init_motion.cpp:648:6:void Motion::Init_Motion_turn_out(const t_param*, t_run_pattern, const t_pid_gain*, const t_pid_gain*)	64	static
init_motion.cpp:749:6:void Motion::Init_Motion_long_turn(const t_param*, t_run_pattern, const t_pid_gain*, const t_pid_gain*)	64	static
init_motion.cpp:887:6:void Motion::Init_Motion_turn_v90(const t_param*, t_run_pattern, const t_pid_gain*, const t_pid_gain*)	56	static
init_motion.cpp:971:6:void Motion::Init_Motion_long_turn_v90(const t_param*, t_run_pattern, const t_pid_gain*, const t_pid_gain*)	56	static
init_motion.cpp:1054:6:void Motion::Init_Motion_fix_wall(float, const t_pid_gain*, const t_pid_gain*)	24	static
init_motion.cpp:1117:6:void Motion::Init_Motion_suction_start(float, float, const t_pid_gain*, const t_pid_gain*)	32	static
init_motion.cpp:1185:6:void Motion::Init_Motion_stop_brake(float, const t_pid_gain*, const t_pid_gain*)	24	static
