vehicle.h:24:15:void param_element::set(float)	16	static
vehicle.h:25:15:void param_element::init()	16	static
vehicle.h:26:16:float param_element::get()	16	static
vehicle.h:34:15:void turn_dir_element::set(t_turn_dir)	16	static
sensing_task.h:73:8:void IrSensTask::IrSensMotion_Set(t_irsens_motion)	16	static
sensing_task.h:79:15:void IrSensTask::EnableIrSens()	16	static
sensing_task.h:81:8:void IrSensTask::EnableIrSensStraight()	16	static
sensing_task.h:116:8:void IrSensTask::Division_Wall_Correction_Reset()	16	static
ctrl_task.h:126:15:void Motion::run_time_ms_reset()	16	static
ctrl_task.h:131:15:void Motion::run_time_limit_ms_reset()	16	static
ctrl_task.h:136:18:void Motion::motion_pattern_set(t_run_pattern)	16	static
ctrl_task.h:139:18:void Motion::motion_state_set(t_runStatus)	16	static
ctrl_task.h:142:18:void Motion::motion_exeStatus_set(t_exeStatus)	16	static
ctrl_task.h:151:8:void Motion::error_counter_reset()	16	static
ctrl_task.h:167:24:t_exeStatus Motion::motion_exeStatus_get()	16	static
init_motion2.cpp:12:6:void Motion::Init_Motion_turn_in(const t_param*, t_run_pattern, float, float, const t_pid_gain*, const t_pid_gain*)	80	static
init_motion2.cpp:122:6:void Motion::Init_Motion_turn_out(const t_param*, t_run_pattern, float, float, const t_pid_gain*, const t_pid_gain*)	80	static
init_motion2.cpp:231:6:void Motion::Init_Motion_long_turn(const t_param*, t_run_pattern, float, float, const t_pid_gain*, const t_pid_gain*)	72	static
init_motion2.cpp:377:6:void Motion::Init_Motion_turn_v90(const t_param*, t_run_pattern, float, float, const t_pid_gain*, const t_pid_gain*)	64	static
init_motion2.cpp:469:6:void Motion::Init_Motion_long_turn_v90(const t_param*, t_run_pattern, float, float, const t_pid_gain*, const t_pid_gain*)	64	static
