vehicle.h:24:15:void param_element::set(float)	16	static
vehicle.h:26:16:float param_element::get()	16	static
vehicle.h:34:15:void turn_dir_element::set(t_turn_dir)	16	static
vehicle.h:36:21:t_turn_dir turn_dir_element::get()	16	static
sensing_task.h:69:8:void IrSensTask::IrSensMotion_Set(t_irsens_motion)	16	static
sensing_task.h:75:15:void IrSensTask::EnableIrSens()	16	static
sensing_task.h:76:15:void IrSensTask::DisableIrSens()	16	static
sensing_task.h:77:8:void IrSensTask::EnableIrSensStraight()	16	static
sensing_task.h:78:8:void IrSensTask::EnableIrSensDiagonal()	16	static
sensing_task.h:81:10:t_bool IrSensTask::Division_Wall_Correction()	24	static
ctrl_task.h:127:15:void Motion::run_time_ms_update()	16	static
ctrl_task.h:128:16:float Motion::run_time_ms_get()	16	static
ctrl_task.h:133:16:float Motion::run_time_limit_ms_get()	16	static
ctrl_task.h:136:18:void Motion::motion_pattern_set(t_run_pattern)	16	static
ctrl_task.h:139:18:void Motion::motion_state_set(t_runStatus)	16	static
ctrl_task.h:142:18:void Motion::motion_exeStatus_set(t_exeStatus)	16	static
ctrl_task.h:166:24:t_runStatus Motion::motion_state_get()	16	static
motion.cpp:16:7:float get_turn_table_value(float, float)	40	static
motion.cpp:54:6:void Motion::SetIdeal_wall_control()	16	static
motion.cpp:79:6:void Motion::Adjust_wall_corner()	64	static
motion.cpp:216:7:void Motion::SetIdeal_search_straight()	40	static
motion.cpp:321:7:void Motion::SetIdeal_search_turn()	48	static
motion.cpp:428:6:void Motion::SetIdeal_straight()	40	static
motion.cpp:527:6:void Motion::SetIdeal_backward()	32	static
motion.cpp:578:6:void Motion::SetIdeal_diagonal()	40	static
motion.cpp:668:6:void Motion::SetIdeal_pivot_turn()	32	static
motion.cpp:735:6:void Motion::SetIdeal_turn_in()	88	static
motion.cpp:875:6:void Motion::SetIdeal_turn_out()	88	static
motion.cpp:1014:6:void Motion::SetIdeal_long_turn()	88	static
motion.cpp:1155:6:void Motion::SetIdeal_turn_v90()	104	static
motion.cpp:1299:6:void Motion::SetIdeal_long_turn_v90()	104	static
motion.cpp:1443:6:void Motion::SetIdeal_fix_wall()	72	static
motion.cpp:1536:6:void Motion::SetIdeal_suction_start()	32	static
motion.cpp:1591:6:void Motion::SetIdeal_stop_brake()	32	static
motion.cpp:1645:6:void Motion::SetIdeal_free_rotation_set()	24	static
