encoder.c:22:6:Encoder_Initialize	8	static
encoder.c:29:6:Encoder_ResetPosition_Left	4	static
encoder.c:33:6:Encoder_ResetPosition_Right	4	static
encoder.c:37:10:Encoder_Counts_Left	4	static
encoder.c:41:10:Encoder_Counts_Right	4	static
encoder.c:45:9:Encoder_GetPosition_Right	4	static
encoder.c:49:9:Encoder_GetPosition_Left	4	static
encoder.c:53:6:Encoder_SetSpeed_Right	8	static
encoder.c:65:6:Encoder_SetSpeed_Left	8	static
encoder.c:75:11:Encoder_GetProperty_Right	16	static
encoder.c:79:11:Encoder_GetProperty_Left	16	static
