encoder.c:24:6:set_ms_dt	16	static
encoder.c:29:6:Encoder_Initialize	8	static
encoder.c:36:6:Encoder_ResetPosition_Left	4	static
encoder.c:40:6:Encoder_ResetPosition_Right	4	static
encoder.c:44:10:Encoder_Counts_Left	4	static
encoder.c:48:10:Encoder_Counts_Right	4	static
encoder.c:52:9:Encoder_GetPosition_Right	4	static
encoder.c:56:9:Encoder_GetPosition_Left	4	static
encoder.c:60:6:Encoder_SetSpeed_Right	8	static
encoder.c:83:6:Encoder_SetSpeed_Left	8	static
encoder.c:105:11:Encoder_GetProperty_Right	16	static
encoder.c:109:11:Encoder_GetProperty_Left	16	static
