encoder.c:22:6:set_ms_dt	16	static
encoder.c:27:6:Encoder_Initialize	8	static
encoder.c:34:6:Encoder_ResetPosition_Left	4	static
encoder.c:38:6:Encoder_ResetPosition_Right	4	static
encoder.c:42:10:Encoder_Counts_Left	4	static
encoder.c:46:10:Encoder_Counts_Right	4	static
encoder.c:50:9:Encoder_GetPosition_Right	4	static
encoder.c:54:9:Encoder_GetPosition_Left	4	static
encoder.c:58:6:Encoder_SetSpeed_Right	8	static
encoder.c:78:6:Encoder_SetSpeed_Left	8	static
encoder.c:97:11:Encoder_GetProperty_Right	16	static
encoder.c:101:11:Encoder_GetProperty_Left	16	static
