ctrl_task.h:166:24:t_exeStatus Motion::motion_exeStatus_get()	16	static
ctrl_task.h:193:22:t_exeStatus Motion::execute_Motion()	16	static
ctrl_task.h:205:22:t_exeStatus Motion::exe_Motion_straight(float, float, float, float, const t_pid_gain*, const t_pid_gain*)	40	static
ctrl_task.h:217:22:t_exeStatus Motion::exe_Motion_diagonal(float, float, float, float, const t_pid_gain*, const t_pid_gain*)	40	static
ctrl_task.h:238:22:t_exeStatus Motion::exe_Motion_suction_start(float, float, const t_pid_gain*, const t_pid_gain*)	32	static
ctrl_task.h:244:22:t_exeStatus Motion::exe_Motion_turn_in(const t_param*, t_run_pattern, const t_pid_gain*, const t_pid_gain*)	32	static
ctrl_task.h:249:22:t_exeStatus Motion::exe_Motion_turn_out(const t_param*, t_run_pattern, const t_pid_gain*, const t_pid_gain*)	32	static
ctrl_task.h:254:22:t_exeStatus Motion::exe_Motion_long_turn(const t_param*, t_run_pattern, const t_pid_gain*, const t_pid_gain*)	32	static
ctrl_task.h:259:22:t_exeStatus Motion::exe_Motion_turn_v90(const t_param*, t_run_pattern, const t_pid_gain*, const t_pid_gain*)	32	static
make_path.h:76:20:t_straight_param calcRunTime::straight_base_velo()	16	static
make_path.h:86:20:t_straight_param calcRunTime::diagonal_base_velo()	16	static
make_path.cpp:24:6:void log_enable()	8	static
make_path.cpp:30:6:void log_disable()	8	static
make_path.cpp:36:15:t_posDijkstra Dijkstra::conv_t_pos2t_posDijkstra(t_position, t_direction)	32	static
make_path.cpp:62:15:t_posDijkstra Dijkstra::conv_t_pos2t_posDijkstra(int, int, t_direction)	32	static
make_path.cpp:87:15:t_posDijkstra Dijkstra::SetNodePos(uint8_t, uint8_t, t_DijkstraWallPos)	24	static
make_path.cpp:96:11:t_element Dijkstra::SetNode(t_posDijkstra, uint16_t, t_direction, t_run_pattern, t_bool)	24	static
make_path.cpp:108:6:void Dijkstra::init_dijkstra_map()	72	static
make_path.cpp:133:6:void Dijkstra::start_node_setUp(t_posDijkstra, t_direction)	72	static
make_path.cpp:149:8:t_bool Dijkstra::is_goal_Dijkstra(t_posDijkstra, t_position, uint8_t)	24	static
make_path.cpp:178:6:void Dijkstra::set_determine(t_posDijkstra)	16	static
make_path.cpp:194:15:t_posDijkstra Dijkstra::min_search()	40	static
make_path.cpp:222:15:t_posDijkstra Dijkstra::make_path_Dijkstra(t_position, t_direction, t_position, uint8_t)	48	static
make_path.cpp:248:6:void Dijkstra::expand(t_posDijkstra)	24	static
make_path.cpp:279:15:t_posDijkstra Dijkstra::last_expand(t_posDijkstra, t_direction, t_position, uint8_t)	96	static
make_path.cpp:353:10:uint16_t Dijkstra::straight_section_num(t_posDijkstra, t_posDijkstra, t_direction)	24	static
make_path.cpp:369:10:uint16_t Dijkstra::diagonal_section_num(t_posDijkstra, t_posDijkstra, t_direction)	32	static
make_path.cpp:394:6:void Dijkstra::check_run_Dijkstra(t_position, t_direction, t_position, uint8_t)	72	static
make_path.cpp:500:6:void Dijkstra::run_Dijkstra(t_position, t_direction, t_position, uint8_t, const t_straight_param* const*, uint16_t, const t_straight_param* const*, uint16_t, const t_param* const*, Motion*)	512	static
make_path.cpp:622:6:void Dijkstra::run_Dijkstra_suction(t_position, t_direction, t_position, uint8_t, int, const t_straight_param* const*, uint16_t, const t_straight_param* const*, uint16_t, const t_param* const*, Motion*)	520	static
log_data.h:19:7:LogData::LogData()	16	static
singleton.h:15:12:static T& Singleton<T>::getInstance() [with T = LogData]	8	static
