ctrl_task.h:167:24:t_exeStatus Motion::motion_exeStatus_get()	16	static
ctrl_task.h:197:22:t_exeStatus Motion::execute_Motion()	16	static
ctrl_task.h:209:22:t_exeStatus Motion::exe_Motion_straight(float, float, float, float, const t_pid_gain*, const t_pid_gain*)	40	static
ctrl_task.h:221:22:t_exeStatus Motion::exe_Motion_diagonal(float, float, float, float, const t_pid_gain*, const t_pid_gain*)	40	static
ctrl_task.h:242:22:t_exeStatus Motion::exe_Motion_suction_start(float, float, const t_pid_gain*, const t_pid_gain*)	32	static
ctrl_task.h:248:22:t_exeStatus Motion::exe_Motion_turn_in(const t_param*, t_run_pattern, const t_pid_gain*, const t_pid_gain*)	32	static
ctrl_task.h:253:22:t_exeStatus Motion::exe_Motion_turn_out(const t_param*, t_run_pattern, const t_pid_gain*, const t_pid_gain*)	32	static
ctrl_task.h:258:22:t_exeStatus Motion::exe_Motion_long_turn(const t_param*, t_run_pattern, const t_pid_gain*, const t_pid_gain*)	32	static
ctrl_task.h:263:22:t_exeStatus Motion::exe_Motion_turn_v90(const t_param*, t_run_pattern, const t_pid_gain*, const t_pid_gain*)	32	static
make_path.h:76:20:t_straight_param calcRunTime::straight_base_velo()	16	static
make_path.h:86:20:t_straight_param calcRunTime::diagonal_base_velo()	16	static
make_path.cpp:23:6:void log_enable()	8	static
make_path.cpp:29:6:void log_disable()	8	static
make_path.cpp:35:15:t_posDijkstra Dijkstra::conv_t_pos2t_posDijkstra(t_position, t_direction)	32	static
make_path.cpp:61:15:t_posDijkstra Dijkstra::conv_t_pos2t_posDijkstra(int, int, t_direction)	32	static
make_path.cpp:86:15:t_posDijkstra Dijkstra::SetNodePos(uint8_t, uint8_t, t_DijkstraWallPos)	24	static
make_path.cpp:95:11:t_element Dijkstra::SetNode(t_posDijkstra, uint16_t, t_direction, t_run_pattern, t_bool)	24	static
make_path.cpp:107:6:void Dijkstra::init_dijkstra_map()	72	static
make_path.cpp:132:6:void Dijkstra::start_node_setUp(t_posDijkstra, t_direction)	72	static
make_path.cpp:148:8:t_bool Dijkstra::is_goal_Dijkstra(t_posDijkstra, t_position, uint8_t)	24	static
make_path.cpp:177:6:void Dijkstra::set_determine(t_posDijkstra)	16	static
make_path.cpp:193:15:t_posDijkstra Dijkstra::min_search()	40	static
make_path.cpp:221:15:t_posDijkstra Dijkstra::make_path_Dijkstra(t_position, t_direction, t_position, uint8_t)	48	static
make_path.cpp:247:6:void Dijkstra::expand(t_posDijkstra)	24	static
make_path.cpp:278:15:t_posDijkstra Dijkstra::last_expand(t_posDijkstra, t_direction, t_position, uint8_t)	96	static
make_path.cpp:352:10:uint16_t Dijkstra::straight_section_num(t_posDijkstra, t_posDijkstra, t_direction)	24	static
make_path.cpp:368:10:uint16_t Dijkstra::diagonal_section_num(t_posDijkstra, t_posDijkstra, t_direction)	32	static
make_path.cpp:393:6:void Dijkstra::check_run_Dijkstra(t_position, t_direction, t_position, uint8_t)	72	static
make_path.cpp:499:6:void Dijkstra::run_Dijkstra(t_position, t_direction, t_position, uint8_t, const t_straight_param* const*, uint16_t, const t_straight_param* const*, uint16_t, const t_param* const*, Motion*)	512	static
make_path.cpp:621:6:void Dijkstra::run_Dijkstra_suction(t_position, t_direction, t_position, uint8_t, int, const t_straight_param* const*, uint16_t, const t_straight_param* const*, uint16_t, const t_param* const*, Motion*)	616	static
log_data.h:19:7:LogData::LogData()	16	static
singleton.h:15:12:static T& Singleton<T>::getInstance() [with T = LogData]	8	static
