13:58:15 **** Incremental Build of configuration Debug for project mouse_type6 ****
make -j8 all 
arm-none-eabi-g++ "../Core/CPP/Src/interrupt.cpp" -mcpu=cortex-m4 -std=gnu++14 -g3 -DUSE_HAL_DRIVER -DSTM32F411xE -DDEBUG -c -I../Drivers/CMSIS/Include -I../Drivers/STM32F4xx_HAL_Driver/Inc -I../Core/Inc -I../Drivers/CMSIS/Device/ST/STM32F4xx/Include -I../Drivers/STM32F4xx_HAL_Driver/Inc/Legacy -I"C:/Users/sato1/Desktop/micromouse_type6/mouse_type6/Core/Include" -I"C:/Users/sato1/Desktop/micromouse_type6/mouse_type6/Core/CPP/Inc" -O0 -ffunction-sections -fdata-sections -fno-exceptions -fno-rtti -fno-threadsafe-statics -fno-use-cxa-atexit -Wall -fstack-usage -MMD -MP -MF"Core/CPP/Src/interrupt.d" -MT"Core/CPP/Src/interrupt.o" --specs=nano.specs -mfpu=fpv4-sp-d16 -mfloat-abi=hard -mthumb -o "Core/CPP/Src/interrupt.o"
../Core/CPP/Src/interrupt.cpp: In function 'void HAL_TIM_PeriodElapsedCallback(TIM_HandleTypeDef*)':
../Core/CPP/Src/interrupt.cpp:17:15: error: expected unqualified-id before '.' token
      Interrupt.getInstance().pre();
               ^
make: *** [Core/CPP/Src/subdir.mk:39: Core/CPP/Src/interrupt.o] Error 1
"make -j8 all" terminated with exit code 2. Build might be incomplete.
13:58:53 **** Incremental Build of configuration Debug for project mouse_type6 ****
make -j8 all 
arm-none-eabi-g++ "../Core/CPP/Src/interrupt.cpp" -mcpu=cortex-m4 -std=gnu++14 -g3 -DUSE_HAL_DRIVER -DSTM32F411xE -DDEBUG -c -I../Drivers/CMSIS/Include -I../Drivers/STM32F4xx_HAL_Driver/Inc -I../Core/Inc -I../Drivers/CMSIS/Device/ST/STM32F4xx/Include -I../Drivers/STM32F4xx_HAL_Driver/Inc/Legacy -I"C:/Users/sato1/Desktop/micromouse_type6/mouse_type6/Core/Include" -I"C:/Users/sato1/Desktop/micromouse_type6/mouse_type6/Core/CPP/Inc" -O0 -ffunction-sections -fdata-sections -fno-exceptions -fno-rtti -fno-threadsafe-statics -fno-use-cxa-atexit -Wall -fstack-usage -MMD -MP -MF"Core/CPP/Src/interrupt.d" -MT"Core/CPP/Src/interrupt.o" --specs=nano.specs -mfpu=fpv4-sp-d16 -mfloat-abi=hard -mthumb -o "Core/CPP/Src/interrupt.o"
../Core/CPP/Src/interrupt.cpp: In function 'void HAL_TIM_PeriodElapsedCallback(TIM_HandleTypeDef*)':
../Core/CPP/Src/interrupt.cpp:18:15: error: expected unqualified-id before '.' token
      Interrupt.getInstance().pre();
               ^
make: *** [Core/CPP/Src/subdir.mk:39: Core/CPP/Src/interrupt.o] Error 1
"make -j8 all" terminated with exit code 2. Build might be incomplete.
14:00:02 **** Incremental Build of configuration Debug for project mouse_type6 ****
make -j8 all 
arm-none-eabi-g++ "../Core/CPP/Src/interrupt.cpp" -mcpu=cortex-m4 -std=gnu++14 -g3 -DUSE_HAL_DRIVER -DSTM32F411xE -DDEBUG -c -I../Drivers/CMSIS/Include -I../Drivers/STM32F4xx_HAL_Driver/Inc -I../Core/Inc -I../Drivers/CMSIS/Device/ST/STM32F4xx/Include -I../Drivers/STM32F4xx_HAL_Driver/Inc/Legacy -I"C:/Users/sato1/Desktop/micromouse_type6/mouse_type6/Core/Include" -I"C:/Users/sato1/Desktop/micromouse_type6/mouse_type6/Core/CPP/Inc" -O0 -ffunction-sections -fdata-sections -fno-exceptions -fno-rtti -fno-threadsafe-statics -fno-use-cxa-atexit -Wall -fstack-usage -MMD -MP -MF"Core/CPP/Src/interrupt.d" -MT"Core/CPP/Src/interrupt.o" --specs=nano.specs -mfpu=fpv4-sp-d16 -mfloat-abi=hard -mthumb -o "Core/CPP/Src/interrupt.o"
../Core/CPP/Src/interrupt.cpp: In function 'void HAL_TIM_PeriodElapsedCallback(TIM_HandleTypeDef*)':
../Core/CPP/Src/interrupt.cpp:22:15: error: expected unqualified-id before '.' token
      Interrupt.getInstance().pre();
               ^
make: *** [Core/CPP/Src/subdir.mk:39: Core/CPP/Src/interrupt.o] Error 1
"make -j8 all" terminated with exit code 2. Build might be incomplete.
14:00:32 **** Incremental Build of configuration Debug for project mouse_type6 ****
make -j8 all 
arm-none-eabi-g++ "../Core/CPP/Src/interrupt.cpp" -mcpu=cortex-m4 -std=gnu++14 -g3 -DUSE_HAL_DRIVER -DSTM32F411xE -DDEBUG -c -I../Drivers/CMSIS/Include -I../Drivers/STM32F4xx_HAL_Driver/Inc -I../Core/Inc -I../Drivers/CMSIS/Device/ST/STM32F4xx/Include -I../Drivers/STM32F4xx_HAL_Driver/Inc/Legacy -I"C:/Users/sato1/Desktop/micromouse_type6/mouse_type6/Core/Include" -I"C:/Users/sato1/Desktop/micromouse_type6/mouse_type6/Core/CPP/Inc" -O0 -ffunction-sections -fdata-sections -fno-exceptions -fno-rtti -fno-threadsafe-statics -fno-use-cxa-atexit -Wall -fstack-usage -MMD -MP -MF"Core/CPP/Src/interrupt.d" -MT"Core/CPP/Src/interrupt.o" --specs=nano.specs -mfpu=fpv4-sp-d16 -mfloat-abi=hard -mthumb -o "Core/CPP/Src/interrupt.o"
arm-none-eabi-g++ -o "mouse_type6.elf" @"objects.list"   -mcpu=cortex-m4 -T"C:\Users\sato1\Desktop\micromouse_type6\mouse_type6\STM32F411CEUX_FLASH.ld" -Wl,-Map="mouse_type6.map" -Wl,--gc-sections -static --specs=nano.specs -mfpu=fpv4-sp-d16 -mfloat-abi=hard -mthumb -u _printf_float -Wl,--start-group -lc -lm -lstdc++ -lsupc++ -Wl,--end-group
Finished building target: mouse_type6.elf
 
arm-none-eabi-objdump -h -S  mouse_type6.elf  > "mouse_type6.list"
arm-none-eabi-objcopy  -O binary  mouse_type6.elf  "mouse_type6.bin"
arm-none-eabi-size   mouse_type6.elf 
   text	   data	    bss	    dec	    hex	filename
 184284	    796	  16832	 201912	  314b8	mouse_type6.elf
Finished building: default.size.stdout
 
Finished building: mouse_type6.bin
 
Finished building: mouse_type6.list
 
14:01:45 **** Incremental Build of configuration Debug for project mouse_type6 ****
make -j8 all 
arm-none-eabi-g++ "../Core/CPP/Src/make_map.cpp" -mcpu=cortex-m4 -std=gnu++14 -g3 -DUSE_HAL_DRIVER -DSTM32F411xE -DDEBUG -c -I../Drivers/CMSIS/Include -I../Drivers/STM32F4xx_HAL_Driver/Inc -I../Core/Inc -I../Drivers/CMSIS/Device/ST/STM32F4xx/Include -I../Drivers/STM32F4xx_HAL_Driver/Inc/Legacy -I"C:/Users/sato1/Desktop/micromouse_type6/mouse_type6/Core/Include" -I"C:/Users/sato1/Desktop/micromouse_type6/mouse_type6/Core/CPP/Inc" -O0 -ffunction-sections -fdata-sections -fno-exceptions -fno-rtti -fno-threadsafe-statics -fno-use-cxa-atexit -Wall -fstack-usage -MMD -MP -MF"Core/CPP/Src/make_map.d" -MT"Core/CPP/Src/make_map.o" --specs=nano.specs -mfpu=fpv4-sp-d16 -mfloat-abi=hard -mthumb -o "Core/CPP/Src/make_map.o"
arm-none-eabi-g++ "../Core/CPP/Src/search.cpp" -mcpu=cortex-m4 -std=gnu++14 -g3 -DUSE_HAL_DRIVER -DSTM32F411xE -DDEBUG -c -I../Drivers/CMSIS/Include -I../Drivers/STM32F4xx_HAL_Driver/Inc -I../Core/Inc -I../Drivers/CMSIS/Device/ST/STM32F4xx/Include -I../Drivers/STM32F4xx_HAL_Driver/Inc/Legacy -I"C:/Users/sato1/Desktop/micromouse_type6/mouse_type6/Core/Include" -I"C:/Users/sato1/Desktop/micromouse_type6/mouse_type6/Core/CPP/Inc" -O0 -ffunction-sections -fdata-sections -fno-exceptions -fno-rtti -fno-threadsafe-statics -fno-use-cxa-atexit -Wall -fstack-usage -MMD -MP -MF"Core/CPP/Src/search.d" -MT"Core/CPP/Src/search.o" --specs=nano.specs -mfpu=fpv4-sp-d16 -mfloat-abi=hard -mthumb -o "Core/CPP/Src/search.o"
arm-none-eabi-g++ -o "mouse_type6.elf" @"objects.list"   -mcpu=cortex-m4 -T"C:\Users\sato1\Desktop\micromouse_type6\mouse_type6\STM32F411CEUX_FLASH.ld" -Wl,-Map="mouse_type6.map" -Wl,--gc-sections -static --specs=nano.specs -mfpu=fpv4-sp-d16 -mfloat-abi=hard -mthumb -u _printf_float -Wl,--start-group -lc -lm -lstdc++ -lsupc++ -Wl,--end-group
Finished building target: mouse_type6.elf
 
arm-none-eabi-objdump -h -S  mouse_type6.elf  > "mouse_type6.list"
arm-none-eabi-objcopy  -O binary  mouse_type6.elf  "mouse_type6.bin"
arm-none-eabi-size   mouse_type6.elf 
   text	   data	    bss	    dec	    hex	filename
 184284	    796	  16832	 201912	  314b8	mouse_type6.elf
Finished building: default.size.stdout
 
Finished building: mouse_type6.bin
 
Finished building: mouse_type6.list
 
16:42:04 **** Incremental Build of configuration Debug for project mouse_type6 ****
make -j8 all 
arm-none-eabi-g++ "../Core/CPP/Src/interrupt.cpp" -mcpu=cortex-m4 -std=gnu++14 -g3 -DUSE_HAL_DRIVER -DSTM32F411xE -DDEBUG -c -I../Drivers/CMSIS/Include -I../Drivers/STM32F4xx_HAL_Driver/Inc -I../Core/Inc -I../Drivers/CMSIS/Device/ST/STM32F4xx/Include -I../Drivers/STM32F4xx_HAL_Driver/Inc/Legacy -I"C:/Users/sato1/Desktop/micromouse_type6/mouse_type6/Core/Include" -I"C:/Users/sato1/Desktop/micromouse_type6/mouse_type6/Core/CPP/Inc" -O0 -ffunction-sections -fdata-sections -fno-exceptions -fno-rtti -fno-threadsafe-statics -fno-use-cxa-atexit -Wall -fstack-usage -MMD -MP -MF"Core/CPP/Src/interrupt.d" -MT"Core/CPP/Src/interrupt.o" --specs=nano.specs -mfpu=fpv4-sp-d16 -mfloat-abi=hard -mthumb -o "Core/CPP/Src/interrupt.o"
arm-none-eabi-g++ -o "mouse_type6.elf" @"objects.list"   -mcpu=cortex-m4 -T"C:\Users\sato1\Desktop\micromouse_type6\mouse_type6\STM32F411CEUX_FLASH.ld" -Wl,-Map="mouse_type6.map" -Wl,--gc-sections -static --specs=nano.specs -mfpu=fpv4-sp-d16 -mfloat-abi=hard -mthumb -u _printf_float -Wl,--start-group -lc -lm -lstdc++ -lsupc++ -Wl,--end-group
Finished building target: mouse_type6.elf
 
arm-none-eabi-objdump -h -S  mouse_type6.elf  > "mouse_type6.list"
arm-none-eabi-objcopy  -O binary  mouse_type6.elf  "mouse_type6.bin"
arm-none-eabi-size   mouse_type6.elf 
   text	   data	    bss	    dec	    hex	filename
 184284	    796	  16832	 201912	  314b8	mouse_type6.elf
Finished building: default.size.stdout
 
Finished building: mouse_type6.bin
 
Finished building: mouse_type6.list
 
16:42:43 **** Incremental Build of configuration Debug for project mouse_type6 ****
make -j8 all 
arm-none-eabi-g++ "../Core/CPP/Src/interrupt.cpp" -mcpu=cortex-m4 -std=gnu++14 -g3 -DUSE_HAL_DRIVER -DSTM32F411xE -DDEBUG -c -I../Drivers/CMSIS/Include -I../Drivers/STM32F4xx_HAL_Driver/Inc -I../Core/Inc -I../Drivers/CMSIS/Device/ST/STM32F4xx/Include -I../Drivers/STM32F4xx_HAL_Driver/Inc/Legacy -I"C:/Users/sato1/Desktop/micromouse_type6/mouse_type6/Core/Include" -I"C:/Users/sato1/Desktop/micromouse_type6/mouse_type6/Core/CPP/Inc" -O0 -ffunction-sections -fdata-sections -fno-exceptions -fno-rtti -fno-threadsafe-statics -fno-use-cxa-atexit -Wall -fstack-usage -MMD -MP -MF"Core/CPP/Src/interrupt.d" -MT"Core/CPP/Src/interrupt.o" --specs=nano.specs -mfpu=fpv4-sp-d16 -mfloat-abi=hard -mthumb -o "Core/CPP/Src/interrupt.o"
../Core/CPP/Src/interrupt.cpp: In function 'void HAL_TIM_PeriodElapsedCallback(TIM_HandleTypeDef*)':
../Core/CPP/Src/interrupt.cpp:24:31: error: 'class Interrupt' has no member named 'pos'; did you mean 'post'?
      Interrupt::getInstance().pos();
                               ^~~
                               post
make: *** [Core/CPP/Src/subdir.mk:39: Core/CPP/Src/interrupt.o] Error 1
"make -j8 all" terminated with exit code 2. Build might be incomplete.
16:43:14 **** Incremental Build of configuration Debug for project mouse_type6 ****
make -j8 all 
arm-none-eabi-g++ "../Core/CPP/Src/interrupt.cpp" -mcpu=cortex-m4 -std=gnu++14 -g3 -DUSE_HAL_DRIVER -DSTM32F411xE -DDEBUG -c -I../Drivers/CMSIS/Include -I../Drivers/STM32F4xx_HAL_Driver/Inc -I../Core/Inc -I../Drivers/CMSIS/Device/ST/STM32F4xx/Include -I../Drivers/STM32F4xx_HAL_Driver/Inc/Legacy -I"C:/Users/sato1/Desktop/micromouse_type6/mouse_type6/Core/Include" -I"C:/Users/sato1/Desktop/micromouse_type6/mouse_type6/Core/CPP/Inc" -O0 -ffunction-sections -fdata-sections -fno-exceptions -fno-rtti -fno-threadsafe-statics -fno-use-cxa-atexit -Wall -fstack-usage -MMD -MP -MF"Core/CPP/Src/interrupt.d" -MT"Core/CPP/Src/interrupt.o" --specs=nano.specs -mfpu=fpv4-sp-d16 -mfloat-abi=hard -mthumb -o "Core/CPP/Src/interrupt.o"
arm-none-eabi-g++ -o "mouse_type6.elf" @"objects.list"   -mcpu=cortex-m4 -T"C:\Users\sato1\Desktop\micromouse_type6\mouse_type6\STM32F411CEUX_FLASH.ld" -Wl,-Map="mouse_type6.map" -Wl,--gc-sections -static --specs=nano.specs -mfpu=fpv4-sp-d16 -mfloat-abi=hard -mthumb -u _printf_float -Wl,--start-group -lc -lm -lstdc++ -lsupc++ -Wl,--end-group
Finished building target: mouse_type6.elf
 
arm-none-eabi-objdump -h -S  mouse_type6.elf  > "mouse_type6.list"
arm-none-eabi-objcopy  -O binary  mouse_type6.elf  "mouse_type6.bin"
arm-none-eabi-size   mouse_type6.elf 
   text	   data	    bss	    dec	    hex	filename
 184380	    796	  16832	 202008	  31518	mouse_type6.elf
Finished building: default.size.stdout
 
Finished building: mouse_type6.bin
 
Finished building: mouse_type6.list
 
16:43:51 **** Incremental Build of configuration Debug for project mouse_type6 ****
make -j8 all 
arm-none-eabi-g++ "../Core/CPP/Src/interrupt.cpp" -mcpu=cortex-m4 -std=gnu++14 -g3 -DUSE_HAL_DRIVER -DSTM32F411xE -DDEBUG -c -I../Drivers/CMSIS/Include -I../Drivers/STM32F4xx_HAL_Driver/Inc -I../Core/Inc -I../Drivers/CMSIS/Device/ST/STM32F4xx/Include -I../Drivers/STM32F4xx_HAL_Driver/Inc/Legacy -I"C:/Users/sato1/Desktop/micromouse_type6/mouse_type6/Core/Include" -I"C:/Users/sato1/Desktop/micromouse_type6/mouse_type6/Core/CPP/Inc" -O0 -ffunction-sections -fdata-sections -fno-exceptions -fno-rtti -fno-threadsafe-statics -fno-use-cxa-atexit -Wall -fstack-usage -MMD -MP -MF"Core/CPP/Src/interrupt.d" -MT"Core/CPP/Src/interrupt.o" --specs=nano.specs -mfpu=fpv4-sp-d16 -mfloat-abi=hard -mthumb -o "Core/CPP/Src/interrupt.o"
arm-none-eabi-g++ -o "mouse_type6.elf" @"objects.list"   -mcpu=cortex-m4 -T"C:\Users\sato1\Desktop\micromouse_type6\mouse_type6\STM32F411CEUX_FLASH.ld" -Wl,-Map="mouse_type6.map" -Wl,--gc-sections -static --specs=nano.specs -mfpu=fpv4-sp-d16 -mfloat-abi=hard -mthumb -u _printf_float -Wl,--start-group -lc -lm -lstdc++ -lsupc++ -Wl,--end-group
Finished building target: mouse_type6.elf
 
arm-none-eabi-objdump -h -S  mouse_type6.elf  > "mouse_type6.list"
arm-none-eabi-objcopy  -O binary  mouse_type6.elf  "mouse_type6.bin"
arm-none-eabi-size   mouse_type6.elf 
   text	   data	    bss	    dec	    hex	filename
 184380	    796	  16832	 202008	  31518	mouse_type6.elf
Finished building: default.size.stdout
 
Finished building: mouse_type6.bin
 
Finished building: mouse_type6.list
 
16:45:30 **** Incremental Build of configuration Debug for project mouse_type6 ****
make -j8 all 
arm-none-eabi-g++ "../Core/CPP/Src/interrupt.cpp" -mcpu=cortex-m4 -std=gnu++14 -g3 -DUSE_HAL_DRIVER -DSTM32F411xE -DDEBUG -c -I../Drivers/CMSIS/Include -I../Drivers/STM32F4xx_HAL_Driver/Inc -I../Core/Inc -I../Drivers/CMSIS/Device/ST/STM32F4xx/Include -I../Drivers/STM32F4xx_HAL_Driver/Inc/Legacy -I"C:/Users/sato1/Desktop/micromouse_type6/mouse_type6/Core/Include" -I"C:/Users/sato1/Desktop/micromouse_type6/mouse_type6/Core/CPP/Inc" -O0 -ffunction-sections -fdata-sections -fno-exceptions -fno-rtti -fno-threadsafe-statics -fno-use-cxa-atexit -Wall -fstack-usage -MMD -MP -MF"Core/CPP/Src/interrupt.d" -MT"Core/CPP/Src/interrupt.o" --specs=nano.specs -mfpu=fpv4-sp-d16 -mfloat-abi=hard -mthumb -o "Core/CPP/Src/interrupt.o"
arm-none-eabi-g++ -o "mouse_type6.elf" @"objects.list"   -mcpu=cortex-m4 -T"C:\Users\sato1\Desktop\micromouse_type6\mouse_type6\STM32F411CEUX_FLASH.ld" -Wl,-Map="mouse_type6.map" -Wl,--gc-sections -static --specs=nano.specs -mfpu=fpv4-sp-d16 -mfloat-abi=hard -mthumb -u _printf_float -Wl,--start-group -lc -lm -lstdc++ -lsupc++ -Wl,--end-group
Finished building target: mouse_type6.elf
 
arm-none-eabi-objdump -h -S  mouse_type6.elf  > "mouse_type6.list"
arm-none-eabi-objcopy  -O binary  mouse_type6.elf  "mouse_type6.bin"
arm-none-eabi-size   mouse_type6.elf 
   text	   data	    bss	    dec	    hex	filename
 184380	    796	  16832	 202008	  31518	mouse_type6.elf
Finished building: default.size.stdout
 
Finished building: mouse_type6.bin
 
Finished building: mouse_type6.list
 
16:53:54 **** Incremental Build of configuration Debug for project mouse_type6 ****
make -j8 all 
arm-none-eabi-g++ "../Core/CPP/Src/interrupt.cpp" -mcpu=cortex-m4 -std=gnu++14 -g3 -DUSE_HAL_DRIVER -DSTM32F411xE -DDEBUG -c -I../Drivers/CMSIS/Include -I../Drivers/STM32F4xx_HAL_Driver/Inc -I../Core/Inc -I../Drivers/CMSIS/Device/ST/STM32F4xx/Include -I../Drivers/STM32F4xx_HAL_Driver/Inc/Legacy -I"C:/Users/sato1/Desktop/micromouse_type6/mouse_type6/Core/Include" -I"C:/Users/sato1/Desktop/micromouse_type6/mouse_type6/Core/CPP/Inc" -O0 -ffunction-sections -fdata-sections -fno-exceptions -fno-rtti -fno-threadsafe-statics -fno-use-cxa-atexit -Wall -fstack-usage -MMD -MP -MF"Core/CPP/Src/interrupt.d" -MT"Core/CPP/Src/interrupt.o" --specs=nano.specs -mfpu=fpv4-sp-d16 -mfloat-abi=hard -mthumb -o "Core/CPP/Src/interrupt.o"
../Core/CPP/Src/interrupt.cpp:42:6: error: redefinition of 'void Interrupt::pre()'
 void Interrupt::pre()
      ^~~~~~~~~
In file included from ../Core/CPP/Src/interrupt.cpp:12:0:
C:/Users/sato1/Desktop/micromouse_type6/mouse_type6/Core/CPP/Inc/interrupt.h:35:6: note: 'void Interrupt::pre()' previously defined here
 void Interrupt::pre(){
      ^~~~~~~~~
../Core/CPP/Src/interrupt.cpp:48:6: error: redefinition of 'void Interrupt::main()'
 void Interrupt::main(){
      ^~~~~~~~~
In file included from ../Core/CPP/Src/interrupt.cpp:12:0:
C:/Users/sato1/Desktop/micromouse_type6/mouse_type6/Core/CPP/Inc/interrupt.h:32:6: note: 'void Interrupt::main()' previously defined here
 void Interrupt::main(){
      ^~~~~~~~~
../Core/CPP/Src/interrupt.cpp:51:6: error: redefinition of 'void Interrupt::post()'
 void Interrupt::post()
      ^~~~~~~~~
In file included from ../Core/CPP/Src/interrupt.cpp:12:0:
C:/Users/sato1/Desktop/micromouse_type6/mouse_type6/Core/CPP/Inc/interrupt.h:29:6: note: 'void Interrupt::post()' previously defined here
 void Interrupt::post(){
      ^~~~~~~~~
../Core/CPP/Src/interrupt.cpp:73:2: error: expected unqualified-id before '/' token
 */
  ^
../Core/CPP/Src/interrupt.cpp:73:2: error: expected constructor, destructor, or type conversion before '/' token
make: *** [Core/CPP/Src/subdir.mk:39: Core/CPP/Src/interrupt.o] Error 1
"make -j8 all" terminated with exit code 2. Build might be incomplete.
16:54:26 **** Incremental Build of configuration Debug for project mouse_type6 ****
make -j8 all 
arm-none-eabi-g++ "../Core/CPP/Src/interrupt.cpp" -mcpu=cortex-m4 -std=gnu++14 -g3 -DUSE_HAL_DRIVER -DSTM32F411xE -DDEBUG -c -I../Drivers/CMSIS/Include -I../Drivers/STM32F4xx_HAL_Driver/Inc -I../Core/Inc -I../Drivers/CMSIS/Device/ST/STM32F4xx/Include -I../Drivers/STM32F4xx_HAL_Driver/Inc/Legacy -I"C:/Users/sato1/Desktop/micromouse_type6/mouse_type6/Core/Include" -I"C:/Users/sato1/Desktop/micromouse_type6/mouse_type6/Core/CPP/Inc" -O0 -ffunction-sections -fdata-sections -fno-exceptions -fno-rtti -fno-threadsafe-statics -fno-use-cxa-atexit -Wall -fstack-usage -MMD -MP -MF"Core/CPP/Src/interrupt.d" -MT"Core/CPP/Src/interrupt.o" --specs=nano.specs -mfpu=fpv4-sp-d16 -mfloat-abi=hard -mthumb -o "Core/CPP/Src/interrupt.o"
../Core/CPP/Src/interrupt.cpp:73:2: error: expected unqualified-id before '/' token
 */
  ^
../Core/CPP/Src/interrupt.cpp:73:2: error: expected constructor, destructor, or type conversion before '/' token
make: *** [Core/CPP/Src/subdir.mk:39: Core/CPP/Src/interrupt.o] Error 1
"make -j8 all" terminated with exit code 2. Build might be incomplete.
16:54:46 **** Incremental Build of configuration Debug for project mouse_type6 ****
make -j8 all 
arm-none-eabi-g++ "../Core/CPP/Src/interrupt.cpp" -mcpu=cortex-m4 -std=gnu++14 -g3 -DUSE_HAL_DRIVER -DSTM32F411xE -DDEBUG -c -I../Drivers/CMSIS/Include -I../Drivers/STM32F4xx_HAL_Driver/Inc -I../Core/Inc -I../Drivers/CMSIS/Device/ST/STM32F4xx/Include -I../Drivers/STM32F4xx_HAL_Driver/Inc/Legacy -I"C:/Users/sato1/Desktop/micromouse_type6/mouse_type6/Core/Include" -I"C:/Users/sato1/Desktop/micromouse_type6/mouse_type6/Core/CPP/Inc" -O0 -ffunction-sections -fdata-sections -fno-exceptions -fno-rtti -fno-threadsafe-statics -fno-use-cxa-atexit -Wall -fstack-usage -MMD -MP -MF"Core/CPP/Src/interrupt.d" -MT"Core/CPP/Src/interrupt.o" --specs=nano.specs -mfpu=fpv4-sp-d16 -mfloat-abi=hard -mthumb -o "Core/CPP/Src/interrupt.o"
arm-none-eabi-g++ -o "mouse_type6.elf" @"objects.list"   -mcpu=cortex-m4 -T"C:\Users\sato1\Desktop\micromouse_type6\mouse_type6\STM32F411CEUX_FLASH.ld" -Wl,-Map="mouse_type6.map" -Wl,--gc-sections -static --specs=nano.specs -mfpu=fpv4-sp-d16 -mfloat-abi=hard -mthumb -u _printf_float -Wl,--start-group -lc -lm -lstdc++ -lsupc++ -Wl,--end-group
Finished building target: mouse_type6.elf
 
arm-none-eabi-objdump -h -S  mouse_type6.elf  > "mouse_type6.list"
arm-none-eabi-objcopy  -O binary  mouse_type6.elf  "mouse_type6.bin"
arm-none-eabi-size   mouse_type6.elf 
   text	   data	    bss	    dec	    hex	filename
 184348	    796	  16832	 201976	  314f8	mouse_type6.elf
Finished building: default.size.stdout
 
Finished building: mouse_type6.bin
 
Finished building: mouse_type6.list
 
17:05:49 **** Incremental Build of configuration Debug for project mouse_type6 ****
make -j8 all 
arm-none-eabi-g++ "../Core/CPP/Src/interrupt.cpp" -mcpu=cortex-m4 -std=gnu++14 -g3 -DUSE_HAL_DRIVER -DSTM32F411xE -DDEBUG -c -I../Drivers/CMSIS/Include -I../Drivers/STM32F4xx_HAL_Driver/Inc -I../Core/Inc -I../Drivers/CMSIS/Device/ST/STM32F4xx/Include -I../Drivers/STM32F4xx_HAL_Driver/Inc/Legacy -I"C:/Users/sato1/Desktop/micromouse_type6/mouse_type6/Core/Include" -I"C:/Users/sato1/Desktop/micromouse_type6/mouse_type6/Core/CPP/Inc" -O0 -ffunction-sections -fdata-sections -fno-exceptions -fno-rtti -fno-threadsafe-statics -fno-use-cxa-atexit -Wall -fstack-usage -MMD -MP -MF"Core/CPP/Src/interrupt.d" -MT"Core/CPP/Src/interrupt.o" --specs=nano.specs -mfpu=fpv4-sp-d16 -mfloat-abi=hard -mthumb -o "Core/CPP/Src/interrupt.o"
arm-none-eabi-g++ -o "mouse_type6.elf" @"objects.list"   -mcpu=cortex-m4 -T"C:\Users\sato1\Desktop\micromouse_type6\mouse_type6\STM32F411CEUX_FLASH.ld" -Wl,-Map="mouse_type6.map" -Wl,--gc-sections -static --specs=nano.specs -mfpu=fpv4-sp-d16 -mfloat-abi=hard -mthumb -u _printf_float -Wl,--start-group -lc -lm -lstdc++ -lsupc++ -Wl,--end-group
Finished building target: mouse_type6.elf
 
arm-none-eabi-objdump -h -S  mouse_type6.elf  > "mouse_type6.list"
arm-none-eabi-objcopy  -O binary  mouse_type6.elf  "mouse_type6.bin"
arm-none-eabi-size   mouse_type6.elf 
   text	   data	    bss	    dec	    hex	filename
 184348	    796	  16832	 201976	  314f8	mouse_type6.elf
Finished building: default.size.stdout
 
Finished building: mouse_type6.bin
 
Finished building: mouse_type6.list
 
17:07:50 **** Incremental Build of configuration Debug for project mouse_type6 ****
make -j8 all 
arm-none-eabi-g++ "../Core/CPP/Src/interrupt.cpp" -mcpu=cortex-m4 -std=gnu++14 -g3 -DUSE_HAL_DRIVER -DSTM32F411xE -DDEBUG -c -I../Drivers/CMSIS/Include -I../Drivers/STM32F4xx_HAL_Driver/Inc -I../Core/Inc -I../Drivers/CMSIS/Device/ST/STM32F4xx/Include -I../Drivers/STM32F4xx_HAL_Driver/Inc/Legacy -I"C:/Users/sato1/Desktop/micromouse_type6/mouse_type6/Core/Include" -I"C:/Users/sato1/Desktop/micromouse_type6/mouse_type6/Core/CPP/Inc" -O0 -ffunction-sections -fdata-sections -fno-exceptions -fno-rtti -fno-threadsafe-statics -fno-use-cxa-atexit -Wall -fstack-usage -MMD -MP -MF"Core/CPP/Src/interrupt.d" -MT"Core/CPP/Src/interrupt.o" --specs=nano.specs -mfpu=fpv4-sp-d16 -mfloat-abi=hard -mthumb -o "Core/CPP/Src/interrupt.o"
arm-none-eabi-g++ -o "mouse_type6.elf" @"objects.list"   -mcpu=cortex-m4 -T"C:\Users\sato1\Desktop\micromouse_type6\mouse_type6\STM32F411CEUX_FLASH.ld" -Wl,-Map="mouse_type6.map" -Wl,--gc-sections -static --specs=nano.specs -mfpu=fpv4-sp-d16 -mfloat-abi=hard -mthumb -u _printf_float -Wl,--start-group -lc -lm -lstdc++ -lsupc++ -Wl,--end-group
Finished building target: mouse_type6.elf
 
arm-none-eabi-objdump -h -S  mouse_type6.elf  > "mouse_type6.list"
arm-none-eabi-objcopy  -O binary  mouse_type6.elf  "mouse_type6.bin"
arm-none-eabi-size   mouse_type6.elf 
   text	   data	    bss	    dec	    hex	filename
 184348	    796	  16832	 201976	  314f8	mouse_type6.elf
Finished building: default.size.stdout
 
Finished building: mouse_type6.bin
 
Finished building: mouse_type6.list
 
17:30:38 **** Incremental Build of configuration Debug for project mouse_type6 ****
make -j8 all 
arm-none-eabi-g++ "../Core/CPP/Src/interrupt.cpp" -mcpu=cortex-m4 -std=gnu++14 -g3 -DUSE_HAL_DRIVER -DSTM32F411xE -DDEBUG -c -I../Drivers/CMSIS/Include -I../Drivers/STM32F4xx_HAL_Driver/Inc -I../Core/Inc -I../Drivers/CMSIS/Device/ST/STM32F4xx/Include -I../Drivers/STM32F4xx_HAL_Driver/Inc/Legacy -I"C:/Users/sato1/Desktop/micromouse_type6/mouse_type6/Core/Include" -I"C:/Users/sato1/Desktop/micromouse_type6/mouse_type6/Core/CPP/Inc" -O0 -ffunction-sections -fdata-sections -fno-exceptions -fno-rtti -fno-threadsafe-statics -fno-use-cxa-atexit -Wall -fstack-usage -MMD -MP -MF"Core/CPP/Src/interrupt.d" -MT"Core/CPP/Src/interrupt.o" --specs=nano.specs -mfpu=fpv4-sp-d16 -mfloat-abi=hard -mthumb -o "Core/CPP/Src/interrupt.o"
arm-none-eabi-g++ -o "mouse_type6.elf" @"objects.list"   -mcpu=cortex-m4 -T"C:\Users\sato1\Desktop\micromouse_type6\mouse_type6\STM32F411CEUX_FLASH.ld" -Wl,-Map="mouse_type6.map" -Wl,--gc-sections -static --specs=nano.specs -mfpu=fpv4-sp-d16 -mfloat-abi=hard -mthumb -u _printf_float -Wl,--start-group -lc -lm -lstdc++ -lsupc++ -Wl,--end-group
Finished building target: mouse_type6.elf
 
arm-none-eabi-objdump -h -S  mouse_type6.elf  > "mouse_type6.list"
arm-none-eabi-objcopy  -O binary  mouse_type6.elf  "mouse_type6.bin"
arm-none-eabi-size   mouse_type6.elf 
   text	   data	    bss	    dec	    hex	filename
 184596	    796	  16832	 202224	  315f0	mouse_type6.elf
Finished building: default.size.stdout
 
Finished building: mouse_type6.bin
 
Finished building: mouse_type6.list
 
11:21:31 **** Incremental Build of configuration Debug for project mouse_type6 ****
make -j8 all 
arm-none-eabi-gcc "../Core/Src/main.c" -mcpu=cortex-m4 -std=gnu11 -g3 -DUSE_HAL_DRIVER -DSTM32F411xE -DDEBUG -c -I../Drivers/CMSIS/Include -I../Drivers/STM32F4xx_HAL_Driver/Inc -I../Core/Inc -I../Drivers/CMSIS/Device/ST/STM32F4xx/Include -I../Drivers/STM32F4xx_HAL_Driver/Inc/Legacy -O0 -ffunction-sections -fdata-sections -Wall -fstack-usage -MMD -MP -MF"Core/Src/main.d" -MT"Core/Src/main.o" --specs=nano.specs -mfpu=fpv4-sp-d16 -mfloat-abi=hard -mthumb -o "Core/Src/main.o"
arm-none-eabi-g++ "../Core/CPP/Src/run_task.cpp" -mcpu=cortex-m4 -std=gnu++14 -g3 -DUSE_HAL_DRIVER -DSTM32F411xE -DDEBUG -c -I../Drivers/CMSIS/Include -I../Drivers/STM32F4xx_HAL_Driver/Inc -I../Core/Inc -I../Drivers/CMSIS/Device/ST/STM32F4xx/Include -I../Drivers/STM32F4xx_HAL_Driver/Inc/Legacy -I"C:/Users/sato1/Desktop/micromouse_type6/mouse_type6/Core/Include" -I"C:/Users/sato1/Desktop/micromouse_type6/mouse_type6/Core/CPP/Inc" -O0 -ffunction-sections -fdata-sections -fno-exceptions -fno-rtti -fno-threadsafe-statics -fno-use-cxa-atexit -Wall -fstack-usage -MMD -MP -MF"Core/CPP/Src/run_task.d" -MT"Core/CPP/Src/run_task.o" --specs=nano.specs -mfpu=fpv4-sp-d16 -mfloat-abi=hard -mthumb -o "Core/CPP/Src/run_task.o"
arm-none-eabi-g++ -o "mouse_type6.elf" @"objects.list"   -mcpu=cortex-m4 -T"C:\Users\sato1\Desktop\micromouse_type6\mouse_type6\STM32F411CEUX_FLASH.ld" -Wl,-Map="mouse_type6.map" -Wl,--gc-sections -static --specs=nano.specs -mfpu=fpv4-sp-d16 -mfloat-abi=hard -mthumb -u _printf_float -Wl,--start-group -lc -lm -lstdc++ -lsupc++ -Wl,--end-group
Finished building target: mouse_type6.elf
 
arm-none-eabi-objdump -h -S  mouse_type6.elf  > "mouse_type6.list"
arm-none-eabi-objcopy  -O binary  mouse_type6.elf  "mouse_type6.bin"
arm-none-eabi-size   mouse_type6.elf 
   text	   data	    bss	    dec	    hex	filename
 185268	    780	  16992	 203040	  31920	mouse_type6.elf
Finished building: default.size.stdout
 
Finished building: mouse_type6.bin
 
Finished building: mouse_type6.list
 
11:31:46 **** Incremental Build of configuration Debug for project mouse_type6 ****
make -j8 all 
arm-none-eabi-g++ "../Core/CPP/Src/run_task.cpp" -mcpu=cortex-m4 -std=gnu++14 -g3 -DUSE_HAL_DRIVER -DSTM32F411xE -DDEBUG -c -I../Drivers/CMSIS/Include -I../Drivers/STM32F4xx_HAL_Driver/Inc -I../Core/Inc -I../Drivers/CMSIS/Device/ST/STM32F4xx/Include -I../Drivers/STM32F4xx_HAL_Driver/Inc/Legacy -I"C:/Users/sato1/Desktop/micromouse_type6/mouse_type6/Core/Include" -I"C:/Users/sato1/Desktop/micromouse_type6/mouse_type6/Core/CPP/Inc" -O0 -ffunction-sections -fdata-sections -fno-exceptions -fno-rtti -fno-threadsafe-statics -fno-use-cxa-atexit -Wall -fstack-usage -MMD -MP -MF"Core/CPP/Src/run_task.d" -MT"Core/CPP/Src/run_task.o" --specs=nano.specs -mfpu=fpv4-sp-d16 -mfloat-abi=hard -mthumb -o "Core/CPP/Src/run_task.o"
../Core/CPP/Src/run_task.cpp:18:6: error: prototype for 'void RunTask::search_straight(t_straight_param, t_machine_param*, t_machine_param*, float)' does not match any in class 'RunTask'
 void RunTask::search_straight(t_straight_param st_param,t_machine_param *target_,t_machine_param *machine_,float delta_t_ms)
      ^~~~~~~
In file included from ../Core/CPP/Src/run_task.cpp:9:0:
C:/Users/sato1/Desktop/micromouse_type6/mouse_type6/Core/CPP/Inc/run_task.h:46:8: error: candidate is: void RunTask::search_straight(t_straight_param, t_machine_param*, float)
   void search_straight(t_straight_param st_param,t_machine_param *target_,float delta_t_ms);
        ^~~~~~~~~~~~~~~
make: *** [Core/CPP/Src/subdir.mk:57: Core/CPP/Src/run_task.o] Error 1
"make -j8 all" terminated with exit code 2. Build might be incomplete.
11:32:18 **** Incremental Build of configuration Debug for project mouse_type6 ****
make -j8 all 
arm-none-eabi-g++ "../Core/CPP/Src/run_task.cpp" -mcpu=cortex-m4 -std=gnu++14 -g3 -DUSE_HAL_DRIVER -DSTM32F411xE -DDEBUG -c -I../Drivers/CMSIS/Include -I../Drivers/STM32F4xx_HAL_Driver/Inc -I../Core/Inc -I../Drivers/CMSIS/Device/ST/STM32F4xx/Include -I../Drivers/STM32F4xx_HAL_Driver/Inc/Legacy -I"C:/Users/sato1/Desktop/micromouse_type6/mouse_type6/Core/Include" -I"C:/Users/sato1/Desktop/micromouse_type6/mouse_type6/Core/CPP/Inc" -O0 -ffunction-sections -fdata-sections -fno-exceptions -fno-rtti -fno-threadsafe-statics -fno-use-cxa-atexit -Wall -fstack-usage -MMD -MP -MF"Core/CPP/Src/run_task.d" -MT"Core/CPP/Src/run_task.o" --specs=nano.specs -mfpu=fpv4-sp-d16 -mfloat-abi=hard -mthumb -o "Core/CPP/Src/run_task.o"
arm-none-eabi-g++ -o "mouse_type6.elf" @"objects.list"   -mcpu=cortex-m4 -T"C:\Users\sato1\Desktop\micromouse_type6\mouse_type6\STM32F411CEUX_FLASH.ld" -Wl,-Map="mouse_type6.map" -Wl,--gc-sections -static --specs=nano.specs -mfpu=fpv4-sp-d16 -mfloat-abi=hard -mthumb -u _printf_float -Wl,--start-group -lc -lm -lstdc++ -lsupc++ -Wl,--end-group
Finished building target: mouse_type6.elf
 
arm-none-eabi-objdump -h -S  mouse_type6.elf  > "mouse_type6.list"
arm-none-eabi-objcopy  -O binary  mouse_type6.elf  "mouse_type6.bin"
arm-none-eabi-size   mouse_type6.elf 
   text	   data	    bss	    dec	    hex	filename
 185268	    780	  16992	 203040	  31920	mouse_type6.elf
Finished building: default.size.stdout
 
Finished building: mouse_type6.bin
 
Finished building: mouse_type6.list
 
11:34:19 **** Incremental Build of configuration Debug for project mouse_type6 ****
make -j8 all 
arm-none-eabi-g++ "../Core/CPP/Src/run_task.cpp" -mcpu=cortex-m4 -std=gnu++14 -g3 -DUSE_HAL_DRIVER -DSTM32F411xE -DDEBUG -c -I../Drivers/CMSIS/Include -I../Drivers/STM32F4xx_HAL_Driver/Inc -I../Core/Inc -I../Drivers/CMSIS/Device/ST/STM32F4xx/Include -I../Drivers/STM32F4xx_HAL_Driver/Inc/Legacy -I"C:/Users/sato1/Desktop/micromouse_type6/mouse_type6/Core/Include" -I"C:/Users/sato1/Desktop/micromouse_type6/mouse_type6/Core/CPP/Inc" -O0 -ffunction-sections -fdata-sections -fno-exceptions -fno-rtti -fno-threadsafe-statics -fno-use-cxa-atexit -Wall -fstack-usage -MMD -MP -MF"Core/CPP/Src/run_task.d" -MT"Core/CPP/Src/run_task.o" --specs=nano.specs -mfpu=fpv4-sp-d16 -mfloat-abi=hard -mthumb -o "Core/CPP/Src/run_task.o"
../Core/CPP/Src/run_task.cpp: In member function 'void RunTask::search_straight(t_straight_param, t_machine_param*, t_machine_param*, float)':
../Core/CPP/Src/run_task.cpp:24:36: error: 'target' was not declared in this scope
   target_->velo  = target_->velo + target->accel*delta_t_ms;
                                    ^~~~~~
../Core/CPP/Src/run_task.cpp:24:36: note: suggested alternative: 'target_'
   target_->velo  = target_->velo + target->accel*delta_t_ms;
                                    ^~~~~~
                                    target_
make: *** [Core/CPP/Src/subdir.mk:57: Core/CPP/Src/run_task.o] Error 1
"make -j8 all" terminated with exit code 2. Build might be incomplete.
11:39:32 **** Incremental Build of configuration Debug for project mouse_type6 ****
make -j8 all 
arm-none-eabi-g++ "../Core/CPP/Src/run_task.cpp" -mcpu=cortex-m4 -std=gnu++14 -g3 -DUSE_HAL_DRIVER -DSTM32F411xE -DDEBUG -c -I../Drivers/CMSIS/Include -I../Drivers/STM32F4xx_HAL_Driver/Inc -I../Core/Inc -I../Drivers/CMSIS/Device/ST/STM32F4xx/Include -I../Drivers/STM32F4xx_HAL_Driver/Inc/Legacy -I"C:/Users/sato1/Desktop/micromouse_type6/mouse_type6/Core/Include" -I"C:/Users/sato1/Desktop/micromouse_type6/mouse_type6/Core/CPP/Inc" -O0 -ffunction-sections -fdata-sections -fno-exceptions -fno-rtti -fno-threadsafe-statics -fno-use-cxa-atexit -Wall -fstack-usage -MMD -MP -MF"Core/CPP/Src/run_task.d" -MT"Core/CPP/Src/run_task.o" --specs=nano.specs -mfpu=fpv4-sp-d16 -mfloat-abi=hard -mthumb -o "Core/CPP/Src/run_task.o"
arm-none-eabi-g++ -o "mouse_type6.elf" @"objects.list"   -mcpu=cortex-m4 -T"C:\Users\sato1\Desktop\micromouse_type6\mouse_type6\STM32F411CEUX_FLASH.ld" -Wl,-Map="mouse_type6.map" -Wl,--gc-sections -static --specs=nano.specs -mfpu=fpv4-sp-d16 -mfloat-abi=hard -mthumb -u _printf_float -Wl,--start-group -lc -lm -lstdc++ -lsupc++ -Wl,--end-group
Finished building target: mouse_type6.elf
 
arm-none-eabi-objdump -h -S  mouse_type6.elf  > "mouse_type6.list"
arm-none-eabi-objcopy  -O binary  mouse_type6.elf  "mouse_type6.bin"
arm-none-eabi-size   mouse_type6.elf 
   text	   data	    bss	    dec	    hex	filename
 185268	    780	  16992	 203040	  31920	mouse_type6.elf
Finished building: default.size.stdout
 
Finished building: mouse_type6.bin
 
Finished building: mouse_type6.list
 
11:43:50 **** Incremental Build of configuration Debug for project mouse_type6 ****
make -j8 all 
arm-none-eabi-g++ "../Core/CPP/Src/motion.cpp" -mcpu=cortex-m4 -std=gnu++14 -g3 -DUSE_HAL_DRIVER -DSTM32F411xE -DDEBUG -c -I../Drivers/CMSIS/Include -I../Drivers/STM32F4xx_HAL_Driver/Inc -I../Core/Inc -I../Drivers/CMSIS/Device/ST/STM32F4xx/Include -I../Drivers/STM32F4xx_HAL_Driver/Inc/Legacy -I"C:/Users/sato1/Desktop/micromouse_type6/mouse_type6/Core/Include" -I"C:/Users/sato1/Desktop/micromouse_type6/mouse_type6/Core/CPP/Inc" -O0 -ffunction-sections -fdata-sections -fno-exceptions -fno-rtti -fno-threadsafe-statics -fno-use-cxa-atexit -Wall -fstack-usage -MMD -MP -MF"Core/CPP/Src/motion.d" -MT"Core/CPP/Src/motion.o" --specs=nano.specs -mfpu=fpv4-sp-d16 -mfloat-abi=hard -mthumb -o "Core/CPP/Src/motion.o"
arm-none-eabi-g++ -o "mouse_type6.elf" @"objects.list"   -mcpu=cortex-m4 -T"C:\Users\sato1\Desktop\micromouse_type6\mouse_type6\STM32F411CEUX_FLASH.ld" -Wl,-Map="mouse_type6.map" -Wl,--gc-sections -static --specs=nano.specs -mfpu=fpv4-sp-d16 -mfloat-abi=hard -mthumb -u _printf_float -Wl,--start-group -lc -lm -lstdc++ -lsupc++ -Wl,--end-group
Finished building target: mouse_type6.elf
 
arm-none-eabi-objdump -h -S  mouse_type6.elf  > "mouse_type6.list"
arm-none-eabi-objcopy  -O binary  mouse_type6.elf  "mouse_type6.bin"
arm-none-eabi-size   mouse_type6.elf 
   text	   data	    bss	    dec	    hex	filename
 185412	    780	  16992	 203184	  319b0	mouse_type6.elf
Finished building: default.size.stdout
 
Finished building: mouse_type6.bin
 
Finished building: mouse_type6.list
 
13:40:16 **** Incremental Build of configuration Debug for project mouse_type6 ****
make -j8 all 
arm-none-eabi-g++ "../Core/CPP/Src/run_task.cpp" -mcpu=cortex-m4 -std=gnu++14 -g3 -DUSE_HAL_DRIVER -DSTM32F411xE -DDEBUG -c -I../Drivers/CMSIS/Include -I../Drivers/STM32F4xx_HAL_Driver/Inc -I../Core/Inc -I../Drivers/CMSIS/Device/ST/STM32F4xx/Include -I../Drivers/STM32F4xx_HAL_Driver/Inc/Legacy -I"C:/Users/sato1/Desktop/micromouse_type6/mouse_type6/Core/Include" -I"C:/Users/sato1/Desktop/micromouse_type6/mouse_type6/Core/CPP/Inc" -O0 -ffunction-sections -fdata-sections -fno-exceptions -fno-rtti -fno-threadsafe-statics -fno-use-cxa-atexit -Wall -fstack-usage -MMD -MP -MF"Core/CPP/Src/run_task.d" -MT"Core/CPP/Src/run_task.o" --specs=nano.specs -mfpu=fpv4-sp-d16 -mfloat-abi=hard -mthumb -o "Core/CPP/Src/run_task.o"
arm-none-eabi-g++ -o "mouse_type6.elf" @"objects.list"   -mcpu=cortex-m4 -T"C:\Users\sato1\Desktop\micromouse_type6\mouse_type6\STM32F411CEUX_FLASH.ld" -Wl,-Map="mouse_type6.map" -Wl,--gc-sections -static --specs=nano.specs -mfpu=fpv4-sp-d16 -mfloat-abi=hard -mthumb -u _printf_float -Wl,--start-group -lc -lm -lstdc++ -lsupc++ -Wl,--end-group
Finished building target: mouse_type6.elf
 
arm-none-eabi-objdump -h -S  mouse_type6.elf  > "mouse_type6.list"
arm-none-eabi-objcopy  -O binary  mouse_type6.elf  "mouse_type6.bin"
arm-none-eabi-size   mouse_type6.elf 
   text	   data	    bss	    dec	    hex	filename
 185612	    780	  16992	 203384	  31a78	mouse_type6.elf
Finished building: default.size.stdout
 
Finished building: mouse_type6.bin
 
Finished building: mouse_type6.list
 
13:41:04 **** Incremental Build of configuration Debug for project mouse_type6 ****
make -j8 all 
arm-none-eabi-g++ "../Core/CPP/Src/run_task.cpp" -mcpu=cortex-m4 -std=gnu++14 -g3 -DUSE_HAL_DRIVER -DSTM32F411xE -DDEBUG -c -I../Drivers/CMSIS/Include -I../Drivers/STM32F4xx_HAL_Driver/Inc -I../Core/Inc -I../Drivers/CMSIS/Device/ST/STM32F4xx/Include -I../Drivers/STM32F4xx_HAL_Driver/Inc/Legacy -I"C:/Users/sato1/Desktop/micromouse_type6/mouse_type6/Core/Include" -I"C:/Users/sato1/Desktop/micromouse_type6/mouse_type6/Core/CPP/Inc" -O0 -ffunction-sections -fdata-sections -fno-exceptions -fno-rtti -fno-threadsafe-statics -fno-use-cxa-atexit -Wall -fstack-usage -MMD -MP -MF"Core/CPP/Src/run_task.d" -MT"Core/CPP/Src/run_task.o" --specs=nano.specs -mfpu=fpv4-sp-d16 -mfloat-abi=hard -mthumb -o "Core/CPP/Src/run_task.o"
arm-none-eabi-g++ -o "mouse_type6.elf" @"objects.list"   -mcpu=cortex-m4 -T"C:\Users\sato1\Desktop\micromouse_type6\mouse_type6\STM32F411CEUX_FLASH.ld" -Wl,-Map="mouse_type6.map" -Wl,--gc-sections -static --specs=nano.specs -mfpu=fpv4-sp-d16 -mfloat-abi=hard -mthumb -u _printf_float -Wl,--start-group -lc -lm -lstdc++ -lsupc++ -Wl,--end-group
Finished building target: mouse_type6.elf
 
arm-none-eabi-objdump -h -S  mouse_type6.elf  > "mouse_type6.list"
arm-none-eabi-objcopy  -O binary  mouse_type6.elf  "mouse_type6.bin"
arm-none-eabi-size   mouse_type6.elf 
   text	   data	    bss	    dec	    hex	filename
 185612	    780	  16992	 203384	  31a78	mouse_type6.elf
Finished building: default.size.stdout
 
Finished building: mouse_type6.bin
 
Finished building: mouse_type6.list
 
13:48:12 **** Incremental Build of configuration Debug for project mouse_type6 ****
make -j8 all 
arm-none-eabi-g++ "../Core/CPP/Src/run_task.cpp" -mcpu=cortex-m4 -std=gnu++14 -g3 -DUSE_HAL_DRIVER -DSTM32F411xE -DDEBUG -c -I../Drivers/CMSIS/Include -I../Drivers/STM32F4xx_HAL_Driver/Inc -I../Core/Inc -I../Drivers/CMSIS/Device/ST/STM32F4xx/Include -I../Drivers/STM32F4xx_HAL_Driver/Inc/Legacy -I"C:/Users/sato1/Desktop/micromouse_type6/mouse_type6/Core/Include" -I"C:/Users/sato1/Desktop/micromouse_type6/mouse_type6/Core/CPP/Inc" -O0 -ffunction-sections -fdata-sections -fno-exceptions -fno-rtti -fno-threadsafe-statics -fno-use-cxa-atexit -Wall -fstack-usage -MMD -MP -MF"Core/CPP/Src/run_task.d" -MT"Core/CPP/Src/run_task.o" --specs=nano.specs -mfpu=fpv4-sp-d16 -mfloat-abi=hard -mthumb -o "Core/CPP/Src/run_task.o"
arm-none-eabi-g++ -o "mouse_type6.elf" @"objects.list"   -mcpu=cortex-m4 -T"C:\Users\sato1\Desktop\micromouse_type6\mouse_type6\STM32F411CEUX_FLASH.ld" -Wl,-Map="mouse_type6.map" -Wl,--gc-sections -static --specs=nano.specs -mfpu=fpv4-sp-d16 -mfloat-abi=hard -mthumb -u _printf_float -Wl,--start-group -lc -lm -lstdc++ -lsupc++ -Wl,--end-group
Finished building target: mouse_type6.elf
 
arm-none-eabi-objdump -h -S  mouse_type6.elf  > "mouse_type6.list"
arm-none-eabi-objcopy  -O binary  mouse_type6.elf  "mouse_type6.bin"
arm-none-eabi-size   mouse_type6.elf 
   text	   data	    bss	    dec	    hex	filename
 185612	    780	  16992	 203384	  31a78	mouse_type6.elf
Finished building: default.size.stdout
 
Finished building: mouse_type6.bin
 
Finished building: mouse_type6.list
 
15:46:08 **** Incremental Build of configuration Debug for project mouse_type6 ****
make -j8 all 
arm-none-eabi-g++ "../Core/CPP/Src/wall_class.cpp" -mcpu=cortex-m4 -std=gnu++14 -g3 -DUSE_HAL_DRIVER -DSTM32F411xE -DDEBUG -c -I../Drivers/CMSIS/Include -I../Drivers/STM32F4xx_HAL_Driver/Inc -I../Core/Inc -I../Drivers/CMSIS/Device/ST/STM32F4xx/Include -I../Drivers/STM32F4xx_HAL_Driver/Inc/Legacy -I"C:/Users/sato1/Desktop/micromouse_type6/mouse_type6/Core/Include" -I"C:/Users/sato1/Desktop/micromouse_type6/mouse_type6/Core/CPP/Inc" -O0 -ffunction-sections -fdata-sections -fno-exceptions -fno-rtti -fno-threadsafe-statics -fno-use-cxa-atexit -Wall -fstack-usage -MMD -MP -MF"Core/CPP/Src/wall_class.d" -MT"Core/CPP/Src/wall_class.o" --specs=nano.specs -mfpu=fpv4-sp-d16 -mfloat-abi=hard -mthumb -o "Core/CPP/Src/wall_class.o"
arm-none-eabi-g++ -o "mouse_type6.elf" @"objects.list"   -mcpu=cortex-m4 -T"C:\Users\sato1\Desktop\micromouse_type6\mouse_type6\STM32F411CEUX_FLASH.ld" -Wl,-Map="mouse_type6.map" -Wl,--gc-sections -static --specs=nano.specs -mfpu=fpv4-sp-d16 -mfloat-abi=hard -mthumb -u _printf_float -Wl,--start-group -lc -lm -lstdc++ -lsupc++ -Wl,--end-group
Finished building target: mouse_type6.elf
 
arm-none-eabi-objdump -h -S  mouse_type6.elf  > "mouse_type6.list"
arm-none-eabi-objcopy  -O binary  mouse_type6.elf  "mouse_type6.bin"
arm-none-eabi-size   mouse_type6.elf 
   text	   data	    bss	    dec	    hex	filename
 185612	    780	  16992	 203384	  31a78	mouse_type6.elf
Finished building: default.size.stdout
 
Finished building: mouse_type6.bin
 
Finished building: mouse_type6.list
 
15:56:03 **** Incremental Build of configuration Debug for project mouse_type6 ****
make -j8 all 
arm-none-eabi-g++ "../Core/CPP/Src/priority_queue.cpp" -mcpu=cortex-m4 -std=gnu++14 -g3 -DUSE_HAL_DRIVER -DSTM32F411xE -DDEBUG -c -I../Drivers/CMSIS/Include -I../Drivers/STM32F4xx_HAL_Driver/Inc -I../Core/Inc -I../Drivers/CMSIS/Device/ST/STM32F4xx/Include -I../Drivers/STM32F4xx_HAL_Driver/Inc/Legacy -I"C:/Users/sato1/Desktop/micromouse_type6/mouse_type6/Core/Include" -I"C:/Users/sato1/Desktop/micromouse_type6/mouse_type6/Core/CPP/Inc" -O0 -ffunction-sections -fdata-sections -fno-exceptions -fno-rtti -fno-threadsafe-statics -fno-use-cxa-atexit -Wall -fstack-usage -MMD -MP -MF"Core/CPP/Src/priority_queue.d" -MT"Core/CPP/Src/priority_queue.o" --specs=nano.specs -mfpu=fpv4-sp-d16 -mfloat-abi=hard -mthumb -o "Core/CPP/Src/priority_queue.o"
arm-none-eabi-g++ -o "mouse_type6.elf" @"objects.list"   -mcpu=cortex-m4 -T"C:\Users\sato1\Desktop\micromouse_type6\mouse_type6\STM32F411CEUX_FLASH.ld" -Wl,-Map="mouse_type6.map" -Wl,--gc-sections -static --specs=nano.specs -mfpu=fpv4-sp-d16 -mfloat-abi=hard -mthumb -u _printf_float -Wl,--start-group -lc -lm -lstdc++ -lsupc++ -Wl,--end-group
Finished building target: mouse_type6.elf
 
arm-none-eabi-objdump -h -S  mouse_type6.elf  > "mouse_type6.list"
arm-none-eabi-objcopy  -O binary  mouse_type6.elf  "mouse_type6.bin"
arm-none-eabi-size   mouse_type6.elf 
   text	   data	    bss	    dec	    hex	filename
 185612	    780	  16992	 203384	  31a78	mouse_type6.elf
Finished building: default.size.stdout
 
Finished building: mouse_type6.bin
 
Finished building: mouse_type6.list
 
11:12:32 **** Incremental Build of configuration Debug for project mouse_type6 ****
make -j8 all 
arm-none-eabi-size   mouse_type6.elf 
   text	   data	    bss	    dec	    hex	filename
 190196	    788	  33184	 224168	  36ba8	mouse_type6.elf
Finished building: default.size.stdout
 
11:18:43 **** Incremental Build of configuration Debug for project mouse_type6 ****
make -j8 all 
arm-none-eabi-size   mouse_type6.elf 
   text	   data	    bss	    dec	    hex	filename
 190196	    788	  33184	 224168	  36ba8	mouse_type6.elf
Finished building: default.size.stdout
 
11:24:37 **** Incremental Build of configuration Debug for project mouse_type6 ****
make -j8 all 
arm-none-eabi-size   mouse_type6.elf 
   text	   data	    bss	    dec	    hex	filename
 190196	    788	  33184	 224168	  36ba8	mouse_type6.elf
Finished building: default.size.stdout
 
11:30:59 **** Incremental Build of configuration Debug for project mouse_type6 ****
make -j8 all 
arm-none-eabi-g++ "../Core/CPP/Src/adachi.cpp" -mcpu=cortex-m4 -std=gnu++14 -g3 -DUSE_HAL_DRIVER -DSTM32F411xE -DDEBUG -c -I../Drivers/CMSIS/Include -I../Drivers/STM32F4xx_HAL_Driver/Inc -I../Core/Inc -I../Drivers/CMSIS/Device/ST/STM32F4xx/Include -I../Drivers/STM32F4xx_HAL_Driver/Inc/Legacy -I"C:/Users/sato1/Desktop/micromouse_type6/mouse_type6/Core/Include" -I"C:/Users/sato1/Desktop/micromouse_type6/mouse_type6/Core/CPP/Inc" -O0 -ffunction-sections -fdata-sections -fno-exceptions -fno-rtti -fno-threadsafe-statics -fno-use-cxa-atexit -Wall -fstack-usage -MMD -MP -MF"Core/CPP/Src/adachi.d" -MT"Core/CPP/Src/adachi.o" --specs=nano.specs -mfpu=fpv4-sp-d16 -mfloat-abi=hard -mthumb -o "Core/CPP/Src/adachi.o"
../Core/CPP/Src/adachi.cpp:11:62: error: no 'int adachi::get_priority(t_position, t_position)' member function declared in class 'adachi'
 int adachi::get_priority(t_position mypos,t_position next_pos){ //そ�?�マスの�?報から、優先度を算�?�する
                                                              ^
make: *** [Core/CPP/Src/subdir.mk:60: Core/CPP/Src/adachi.o] Error 1
"make -j8 all" terminated with exit code 2. Build might be incomplete.
11:31:49 **** Incremental Build of configuration Debug for project mouse_type6 ****
make -j8 all 
arm-none-eabi-g++ "../Core/CPP/Src/adachi.cpp" -mcpu=cortex-m4 -std=gnu++14 -g3 -DUSE_HAL_DRIVER -DSTM32F411xE -DDEBUG -c -I../Drivers/CMSIS/Include -I../Drivers/STM32F4xx_HAL_Driver/Inc -I../Core/Inc -I../Drivers/CMSIS/Device/ST/STM32F4xx/Include -I../Drivers/STM32F4xx_HAL_Driver/Inc/Legacy -I"C:/Users/sato1/Desktop/micromouse_type6/mouse_type6/Core/Include" -I"C:/Users/sato1/Desktop/micromouse_type6/mouse_type6/Core/CPP/Inc" -O0 -ffunction-sections -fdata-sections -fno-exceptions -fno-rtti -fno-threadsafe-statics -fno-use-cxa-atexit -Wall -fstack-usage -MMD -MP -MF"Core/CPP/Src/adachi.d" -MT"Core/CPP/Src/adachi.o" --specs=nano.specs -mfpu=fpv4-sp-d16 -mfloat-abi=hard -mthumb -o "Core/CPP/Src/adachi.o"
../Core/CPP/Src/adachi.cpp: In member function 'int adachi::get_priority(t_position, t_position)':
../Core/CPP/Src/adachi.cpp:25:5: error: 'is_unknown' was not declared in this scope
  if(is_unknown(next_pos.x,next_pos.y) == true){
     ^~~~~~~~~~
make: *** [Core/CPP/Src/subdir.mk:60: Core/CPP/Src/adachi.o] Error 1
"make -j8 all" terminated with exit code 2. Build might be incomplete.
12:17:27 **** Incremental Build of configuration Debug for project mouse_type6 ****
make -j8 all 
arm-none-eabi-g++ "../Core/CPP/Src/adachi.cpp" -mcpu=cortex-m4 -std=gnu++14 -g3 -DUSE_HAL_DRIVER -DSTM32F411xE -DDEBUG -c -I../Drivers/CMSIS/Include -I../Drivers/STM32F4xx_HAL_Driver/Inc -I../Core/Inc -I../Drivers/CMSIS/Device/ST/STM32F4xx/Include -I../Drivers/STM32F4xx_HAL_Driver/Inc/Legacy -I"C:/Users/sato1/Desktop/micromouse_type6/mouse_type6/Core/Include" -I"C:/Users/sato1/Desktop/micromouse_type6/mouse_type6/Core/CPP/Inc" -O0 -ffunction-sections -fdata-sections -fno-exceptions -fno-rtti -fno-threadsafe-statics -fno-use-cxa-atexit -Wall -fstack-usage -MMD -MP -MF"Core/CPP/Src/adachi.d" -MT"Core/CPP/Src/adachi.o" --specs=nano.specs -mfpu=fpv4-sp-d16 -mfloat-abi=hard -mthumb -o "Core/CPP/Src/adachi.o"
../Core/CPP/Src/adachi.cpp: In member function 'int adachi::get_priority(t_position, t_position)':
../Core/CPP/Src/adachi.cpp:25:5: error: 'is_unknown' was not declared in this scope
  if(is_unknown(next_pos.x,next_pos.y) == true){
     ^~~~~~~~~~
make: *** [Core/CPP/Src/subdir.mk:60: Core/CPP/Src/adachi.o] Error 1
"make -j8 all" terminated with exit code 2. Build might be incomplete.
12:21:16 **** Incremental Build of configuration Debug for project mouse_type6 ****
make -j8 all 
arm-none-eabi-g++ "../Core/CPP/Src/adachi.cpp" -mcpu=cortex-m4 -std=gnu++14 -g3 -DUSE_HAL_DRIVER -DSTM32F411xE -DDEBUG -c -I../Drivers/CMSIS/Include -I../Drivers/STM32F4xx_HAL_Driver/Inc -I../Core/Inc -I../Drivers/CMSIS/Device/ST/STM32F4xx/Include -I../Drivers/STM32F4xx_HAL_Driver/Inc/Legacy -I"C:/Users/sato1/Desktop/micromouse_type6/mouse_type6/Core/Include" -I"C:/Users/sato1/Desktop/micromouse_type6/mouse_type6/Core/CPP/Inc" -O0 -ffunction-sections -fdata-sections -fno-exceptions -fno-rtti -fno-threadsafe-statics -fno-use-cxa-atexit -Wall -fstack-usage -MMD -MP -MF"Core/CPP/Src/adachi.d" -MT"Core/CPP/Src/adachi.o" --specs=nano.specs -mfpu=fpv4-sp-d16 -mfloat-abi=hard -mthumb -o "Core/CPP/Src/adachi.o"
../Core/CPP/Src/adachi.cpp: In member function 'int adachi::get_priority(t_position, t_position)':
../Core/CPP/Src/adachi.cpp:25:5: error: 'is_unknown' was not declared in this scope
  if(is_unknown(next_pos.x,next_pos.y) == true){
     ^~~~~~~~~~
make: *** [Core/CPP/Src/subdir.mk:60: Core/CPP/Src/adachi.o] Error 1
"make -j8 all" terminated with exit code 2. Build might be incomplete.
12:22:52 **** Incremental Build of configuration Debug for project mouse_type6 ****
make -j8 all 
arm-none-eabi-g++ "../Core/CPP/Src/adachi.cpp" -mcpu=cortex-m4 -std=gnu++14 -g3 -DUSE_HAL_DRIVER -DSTM32F411xE -DDEBUG -c -I../Drivers/CMSIS/Include -I../Drivers/STM32F4xx_HAL_Driver/Inc -I../Core/Inc -I../Drivers/CMSIS/Device/ST/STM32F4xx/Include -I../Drivers/STM32F4xx_HAL_Driver/Inc/Legacy -I"C:/Users/sato1/Desktop/micromouse_type6/mouse_type6/Core/Include" -I"C:/Users/sato1/Desktop/micromouse_type6/mouse_type6/Core/CPP/Inc" -O0 -ffunction-sections -fdata-sections -fno-exceptions -fno-rtti -fno-threadsafe-statics -fno-use-cxa-atexit -Wall -fstack-usage -MMD -MP -MF"Core/CPP/Src/adachi.d" -MT"Core/CPP/Src/adachi.o" --specs=nano.specs -mfpu=fpv4-sp-d16 -mfloat-abi=hard -mthumb -o "Core/CPP/Src/adachi.o"
../Core/CPP/Src/adachi.cpp: In member function 'int adachi::get_priority(t_position, t_position)':
../Core/CPP/Src/adachi.cpp:25:52: error: no matching function for call to 'wall_class::is_unknown(uint8_t&, uint8_t&)'
  if(wall_property->is_unknown(next_pos.x,next_pos.y) == true){
                                                    ^
In file included from C:/Users/sato1/Desktop/micromouse_type6/mouse_type6/Core/CPP/Inc/make_map_class.h:13:0,
                 from C:/Users/sato1/Desktop/micromouse_type6/mouse_type6/Core/CPP/Inc/adachi_class.h:11,
                 from ../Core/CPP/Src/adachi.cpp:8:
C:/Users/sato1/Desktop/micromouse_type6/mouse_type6/Core/CPP/Inc/wall_class.h:28:10: note: candidate: t_bool wall_class::is_unknown(t_position)
   t_bool is_unknown(t_position pos);
          ^~~~~~~~~~
C:/Users/sato1/Desktop/micromouse_type6/mouse_type6/Core/CPP/Inc/wall_class.h:28:10: note:   candidate expects 1 argument, 2 provided
make: *** [Core/CPP/Src/subdir.mk:60: Core/CPP/Src/adachi.o] Error 1
"make -j8 all" terminated with exit code 2. Build might be incomplete.
12:23:43 **** Incremental Build of configuration Debug for project mouse_type6 ****
make -j8 all 
arm-none-eabi-g++ "../Core/CPP/Src/adachi.cpp" -mcpu=cortex-m4 -std=gnu++14 -g3 -DUSE_HAL_DRIVER -DSTM32F411xE -DDEBUG -c -I../Drivers/CMSIS/Include -I../Drivers/STM32F4xx_HAL_Driver/Inc -I../Core/Inc -I../Drivers/CMSIS/Device/ST/STM32F4xx/Include -I../Drivers/STM32F4xx_HAL_Driver/Inc/Legacy -I"C:/Users/sato1/Desktop/micromouse_type6/mouse_type6/Core/Include" -I"C:/Users/sato1/Desktop/micromouse_type6/mouse_type6/Core/CPP/Inc" -O0 -ffunction-sections -fdata-sections -fno-exceptions -fno-rtti -fno-threadsafe-statics -fno-use-cxa-atexit -Wall -fstack-usage -MMD -MP -MF"Core/CPP/Src/adachi.d" -MT"Core/CPP/Src/adachi.o" --specs=nano.specs -mfpu=fpv4-sp-d16 -mfloat-abi=hard -mthumb -o "Core/CPP/Src/adachi.o"
arm-none-eabi-g++ -o "mouse_type6.elf" @"objects.list"   -mcpu=cortex-m4 -T"C:\Users\sato1\Desktop\micromouse_type6\mouse_type6\STM32F411CEUX_FLASH.ld" -Wl,-Map="mouse_type6.map" -Wl,--gc-sections -static --specs=nano.specs -mfpu=fpv4-sp-d16 -mfloat-abi=hard -mthumb -u _printf_float -Wl,--start-group -lc -lm -lstdc++ -lsupc++ -Wl,--end-group
Finished building target: mouse_type6.elf
 
arm-none-eabi-objdump -h -S  mouse_type6.elf  > "mouse_type6.list"
arm-none-eabi-objcopy  -O binary  mouse_type6.elf  "mouse_type6.bin"
arm-none-eabi-size   mouse_type6.elf 
   text	   data	    bss	    dec	    hex	filename
 190196	    788	  33184	 224168	  36ba8	mouse_type6.elf
Finished building: default.size.stdout
 
Finished building: mouse_type6.bin
 
Finished building: mouse_type6.list
 
12:26:19 **** Incremental Build of configuration Debug for project mouse_type6 ****
make -j8 all 
arm-none-eabi-g++ "../Core/CPP/Src/adachi.cpp" -mcpu=cortex-m4 -std=gnu++14 -g3 -DUSE_HAL_DRIVER -DSTM32F411xE -DDEBUG -c -I../Drivers/CMSIS/Include -I../Drivers/STM32F4xx_HAL_Driver/Inc -I../Core/Inc -I../Drivers/CMSIS/Device/ST/STM32F4xx/Include -I../Drivers/STM32F4xx_HAL_Driver/Inc/Legacy -I"C:/Users/sato1/Desktop/micromouse_type6/mouse_type6/Core/Include" -I"C:/Users/sato1/Desktop/micromouse_type6/mouse_type6/Core/CPP/Inc" -O0 -ffunction-sections -fdata-sections -fno-exceptions -fno-rtti -fno-threadsafe-statics -fno-use-cxa-atexit -Wall -fstack-usage -MMD -MP -MF"Core/CPP/Src/adachi.d" -MT"Core/CPP/Src/adachi.o" --specs=nano.specs -mfpu=fpv4-sp-d16 -mfloat-abi=hard -mthumb -o "Core/CPP/Src/adachi.o"
arm-none-eabi-g++ -o "mouse_type6.elf" @"objects.list"   -mcpu=cortex-m4 -T"C:\Users\sato1\Desktop\micromouse_type6\mouse_type6\STM32F411CEUX_FLASH.ld" -Wl,-Map="mouse_type6.map" -Wl,--gc-sections -static --specs=nano.specs -mfpu=fpv4-sp-d16 -mfloat-abi=hard -mthumb -u _printf_float -Wl,--start-group -lc -lm -lstdc++ -lsupc++ -Wl,--end-group
Finished building target: mouse_type6.elf
 
arm-none-eabi-objdump -h -S  mouse_type6.elf  > "mouse_type6.list"
arm-none-eabi-objcopy  -O binary  mouse_type6.elf  "mouse_type6.bin"
arm-none-eabi-size   mouse_type6.elf 
   text	   data	    bss	    dec	    hex	filename
 190196	    788	  33184	 224168	  36ba8	mouse_type6.elf
Finished building: default.size.stdout
 
Finished building: mouse_type6.bin
 
Finished building: mouse_type6.list
 
13:50:34 **** Incremental Build of configuration Debug for project mouse_type6 ****
make -j8 all 
arm-none-eabi-g++ "../Core/CPP/Src/adachi.cpp" -mcpu=cortex-m4 -std=gnu++14 -g3 -DUSE_HAL_DRIVER -DSTM32F411xE -DDEBUG -c -I../Drivers/CMSIS/Include -I../Drivers/STM32F4xx_HAL_Driver/Inc -I../Core/Inc -I../Drivers/CMSIS/Device/ST/STM32F4xx/Include -I../Drivers/STM32F4xx_HAL_Driver/Inc/Legacy -I"C:/Users/sato1/Desktop/micromouse_type6/mouse_type6/Core/Include" -I"C:/Users/sato1/Desktop/micromouse_type6/mouse_type6/Core/CPP/Inc" -O0 -ffunction-sections -fdata-sections -fno-exceptions -fno-rtti -fno-threadsafe-statics -fno-use-cxa-atexit -Wall -fstack-usage -MMD -MP -MF"Core/CPP/Src/adachi.d" -MT"Core/CPP/Src/adachi.o" --specs=nano.specs -mfpu=fpv4-sp-d16 -mfloat-abi=hard -mthumb -o "Core/CPP/Src/adachi.o"
arm-none-eabi-g++ -o "mouse_type6.elf" @"objects.list"   -mcpu=cortex-m4 -T"C:\Users\sato1\Desktop\micromouse_type6\mouse_type6\STM32F411CEUX_FLASH.ld" -Wl,-Map="mouse_type6.map" -Wl,--gc-sections -static --specs=nano.specs -mfpu=fpv4-sp-d16 -mfloat-abi=hard -mthumb -u _printf_float -Wl,--start-group -lc -lm -lstdc++ -lsupc++ -Wl,--end-group
Finished building target: mouse_type6.elf
 
arm-none-eabi-objdump -h -S  mouse_type6.elf  > "mouse_type6.list"
arm-none-eabi-objcopy  -O binary  mouse_type6.elf  "mouse_type6.bin"
arm-none-eabi-size   mouse_type6.elf 
   text	   data	    bss	    dec	    hex	filename
 190196	    788	  33184	 224168	  36ba8	mouse_type6.elf
Finished building: default.size.stdout
 
Finished building: mouse_type6.bin
 
Finished building: mouse_type6.list
 
14:16:14 **** Incremental Build of configuration Debug for project mouse_type6 ****
make -j8 all 
arm-none-eabi-g++ "../Core/CPP/Src/adachi.cpp" -mcpu=cortex-m4 -std=gnu++14 -g3 -DUSE_HAL_DRIVER -DSTM32F411xE -DDEBUG -c -I../Drivers/CMSIS/Include -I../Drivers/STM32F4xx_HAL_Driver/Inc -I../Core/Inc -I../Drivers/CMSIS/Device/ST/STM32F4xx/Include -I../Drivers/STM32F4xx_HAL_Driver/Inc/Legacy -I"C:/Users/sato1/Desktop/micromouse_type6/mouse_type6/Core/Include" -I"C:/Users/sato1/Desktop/micromouse_type6/mouse_type6/Core/CPP/Inc" -O0 -ffunction-sections -fdata-sections -fno-exceptions -fno-rtti -fno-threadsafe-statics -fno-use-cxa-atexit -Wall -fstack-usage -MMD -MP -MF"Core/CPP/Src/adachi.d" -MT"Core/CPP/Src/adachi.o" --specs=nano.specs -mfpu=fpv4-sp-d16 -mfloat-abi=hard -mthumb -o "Core/CPP/Src/adachi.o"
../Core/CPP/Src/adachi.cpp: In member function 'int adachi::get_next_dir(t_position, int, t_position*)':
../Core/CPP/Src/adachi.cpp:48:64: error: 'north' was not declared in this scope
   tmp_priority = get_priority(mypos, pos_set(mypos.x,mypos.y+1,north));
                                                                ^~~~~
../Core/CPP/Src/adachi.cpp:48:64: note: suggested alternative: 'North'
   tmp_priority = get_priority(mypos, pos_set(mypos.x,mypos.y+1,north));
                                                                ^~~~~
                                                                North
../Core/CPP/Src/adachi.cpp:43:13: warning: unused variable 'priority' [-Wunused-variable]
  int little,priority,tmp_priority;
             ^~~~~~~~
../Core/CPP/Src/adachi.cpp:65:1: warning: no return statement in function returning non-void [-Wreturn-type]
 }
 ^
make: *** [Core/CPP/Src/subdir.mk:60: Core/CPP/Src/adachi.o] Error 1
"make -j8 all" terminated with exit code 2. Build might be incomplete.
14:17:50 **** Incremental Build of configuration Debug for project mouse_type6 ****
make -j8 all 
arm-none-eabi-g++ "../Core/CPP/Src/adachi.cpp" -mcpu=cortex-m4 -std=gnu++14 -g3 -DUSE_HAL_DRIVER -DSTM32F411xE -DDEBUG -c -I../Drivers/CMSIS/Include -I../Drivers/STM32F4xx_HAL_Driver/Inc -I../Core/Inc -I../Drivers/CMSIS/Device/ST/STM32F4xx/Include -I../Drivers/STM32F4xx_HAL_Driver/Inc/Legacy -I"C:/Users/sato1/Desktop/micromouse_type6/mouse_type6/Core/Include" -I"C:/Users/sato1/Desktop/micromouse_type6/mouse_type6/Core/CPP/Inc" -O0 -ffunction-sections -fdata-sections -fno-exceptions -fno-rtti -fno-threadsafe-statics -fno-use-cxa-atexit -Wall -fstack-usage -MMD -MP -MF"Core/CPP/Src/adachi.d" -MT"Core/CPP/Src/adachi.o" --specs=nano.specs -mfpu=fpv4-sp-d16 -mfloat-abi=hard -mthumb -o "Core/CPP/Src/adachi.o"
../Core/CPP/Src/adachi.cpp: In member function 'int adachi::get_next_dir(t_position, int, t_position*)':
../Core/CPP/Src/adachi.cpp:43:6: warning: variable 'little' set but not used [-Wunused-but-set-variable]
  int little,priority,tmp_priority;
      ^~~~~~
../Core/CPP/Src/adachi.cpp:43:13: warning: unused variable 'priority' [-Wunused-variable]
  int little,priority,tmp_priority;
             ^~~~~~~~
../Core/CPP/Src/adachi.cpp:43:22: warning: variable 'tmp_priority' set but not used [-Wunused-but-set-variable]
  int little,priority,tmp_priority;
                      ^~~~~~~~~~~~
../Core/CPP/Src/adachi.cpp:65:1: warning: no return statement in function returning non-void [-Wreturn-type]
 }
 ^
arm-none-eabi-g++ -o "mouse_type6.elf" @"objects.list"   -mcpu=cortex-m4 -T"C:\Users\sato1\Desktop\micromouse_type6\mouse_type6\STM32F411CEUX_FLASH.ld" -Wl,-Map="mouse_type6.map" -Wl,--gc-sections -static --specs=nano.specs -mfpu=fpv4-sp-d16 -mfloat-abi=hard -mthumb -u _printf_float -Wl,--start-group -lc -lm -lstdc++ -lsupc++ -Wl,--end-group
Finished building target: mouse_type6.elf
 
arm-none-eabi-objdump -h -S  mouse_type6.elf  > "mouse_type6.list"
arm-none-eabi-objcopy  -O binary  mouse_type6.elf  "mouse_type6.bin"
arm-none-eabi-size   mouse_type6.elf 
   text	   data	    bss	    dec	    hex	filename
 190196	    788	  33184	 224168	  36ba8	mouse_type6.elf
Finished building: default.size.stdout
 
Finished building: mouse_type6.bin
 
Finished building: mouse_type6.list
 
14:43:51 **** Incremental Build of configuration Debug for project mouse_type6 ****
make -j8 all 
arm-none-eabi-g++ "../Core/CPP/Src/adachi.cpp" -mcpu=cortex-m4 -std=gnu++14 -g3 -DUSE_HAL_DRIVER -DSTM32F411xE -DDEBUG -c -I../Drivers/CMSIS/Include -I../Drivers/STM32F4xx_HAL_Driver/Inc -I../Core/Inc -I../Drivers/CMSIS/Device/ST/STM32F4xx/Include -I../Drivers/STM32F4xx_HAL_Driver/Inc/Legacy -I"C:/Users/sato1/Desktop/micromouse_type6/mouse_type6/Core/Include" -I"C:/Users/sato1/Desktop/micromouse_type6/mouse_type6/Core/CPP/Inc" -O0 -ffunction-sections -fdata-sections -fno-exceptions -fno-rtti -fno-threadsafe-statics -fno-use-cxa-atexit -Wall -fstack-usage -MMD -MP -MF"Core/CPP/Src/adachi.d" -MT"Core/CPP/Src/adachi.o" --specs=nano.specs -mfpu=fpv4-sp-d16 -mfloat-abi=hard -mthumb -o "Core/CPP/Src/adachi.o"
../Core/CPP/Src/adachi.cpp: In member function 'int adachi::get_next_dir(t_position, int, t_position*)':
../Core/CPP/Src/adachi.cpp:52:54: error: lvalue required as left operand of assignment
    (&glob_next_pos) = pos_set(mypos.x,mypos.y+1,North);
                                                      ^
../Core/CPP/Src/adachi.cpp:54:11: error: expected primary-expression before ')' token
   else if()
           ^
../Core/CPP/Src/adachi.cpp:43:13: warning: unused variable 'priority' [-Wunused-variable]
  int little,priority,tmp_priority;
             ^~~~~~~~
../Core/CPP/Src/adachi.cpp:74:1: warning: no return statement in function returning non-void [-Wreturn-type]
 }
 ^
make: *** [Core/CPP/Src/subdir.mk:60: Core/CPP/Src/adachi.o] Error 1
"make -j8 all" terminated with exit code 2. Build might be incomplete.
14:47:00 **** Incremental Build of configuration Debug for project mouse_type6 ****
make -j8 all 
arm-none-eabi-g++ "../Core/CPP/Src/adachi.cpp" -mcpu=cortex-m4 -std=gnu++14 -g3 -DUSE_HAL_DRIVER -DSTM32F411xE -DDEBUG -c -I../Drivers/CMSIS/Include -I../Drivers/STM32F4xx_HAL_Driver/Inc -I../Core/Inc -I../Drivers/CMSIS/Device/ST/STM32F4xx/Include -I../Drivers/STM32F4xx_HAL_Driver/Inc/Legacy -I"C:/Users/sato1/Desktop/micromouse_type6/mouse_type6/Core/Include" -I"C:/Users/sato1/Desktop/micromouse_type6/mouse_type6/Core/CPP/Inc" -O0 -ffunction-sections -fdata-sections -fno-exceptions -fno-rtti -fno-threadsafe-statics -fno-use-cxa-atexit -Wall -fstack-usage -MMD -MP -MF"Core/CPP/Src/adachi.d" -MT"Core/CPP/Src/adachi.o" --specs=nano.specs -mfpu=fpv4-sp-d16 -mfloat-abi=hard -mthumb -o "Core/CPP/Src/adachi.o"
../Core/CPP/Src/adachi.cpp: In member function 'int adachi::get_next_dir(t_position, int, t_position*)':
../Core/CPP/Src/adachi.cpp:52:51: error: cannot convert 't_position' to 't_position*' in assignment
    glob_next_pos = pos_set(mypos.x,mypos.y+1,North);
                                                   ^
../Core/CPP/Src/adachi.cpp:54:11: error: expected primary-expression before ')' token
   else if()
           ^
../Core/CPP/Src/adachi.cpp:43:13: warning: unused variable 'priority' [-Wunused-variable]
  int little,priority,tmp_priority;
             ^~~~~~~~
../Core/CPP/Src/adachi.cpp:74:1: warning: no return statement in function returning non-void [-Wreturn-type]
 }
 ^
make: *** [Core/CPP/Src/subdir.mk:60: Core/CPP/Src/adachi.o] Error 1
"make -j8 all" terminated with exit code 2. Build might be incomplete.
14:47:45 **** Incremental Build of configuration Debug for project mouse_type6 ****
make -j8 all 
arm-none-eabi-g++ "../Core/CPP/Src/adachi.cpp" -mcpu=cortex-m4 -std=gnu++14 -g3 -DUSE_HAL_DRIVER -DSTM32F411xE -DDEBUG -c -I../Drivers/CMSIS/Include -I../Drivers/STM32F4xx_HAL_Driver/Inc -I../Core/Inc -I../Drivers/CMSIS/Device/ST/STM32F4xx/Include -I../Drivers/STM32F4xx_HAL_Driver/Inc/Legacy -I"C:/Users/sato1/Desktop/micromouse_type6/mouse_type6/Core/Include" -I"C:/Users/sato1/Desktop/micromouse_type6/mouse_type6/Core/CPP/Inc" -O0 -ffunction-sections -fdata-sections -fno-exceptions -fno-rtti -fno-threadsafe-statics -fno-use-cxa-atexit -Wall -fstack-usage -MMD -MP -MF"Core/CPP/Src/adachi.d" -MT"Core/CPP/Src/adachi.o" --specs=nano.specs -mfpu=fpv4-sp-d16 -mfloat-abi=hard -mthumb -o "Core/CPP/Src/adachi.o"
../Core/CPP/Src/adachi.cpp: In member function 'int adachi::get_next_dir(t_position, int, t_position*)':
../Core/CPP/Src/adachi.cpp:54:11: error: expected primary-expression before ')' token
   else if()
           ^
../Core/CPP/Src/adachi.cpp:43:13: warning: unused variable 'priority' [-Wunused-variable]
  int little,priority,tmp_priority;
             ^~~~~~~~
../Core/CPP/Src/adachi.cpp:74:1: warning: no return statement in function returning non-void [-Wreturn-type]
 }
 ^
make: *** [Core/CPP/Src/subdir.mk:60: Core/CPP/Src/adachi.o] Error 1
"make -j8 all" terminated with exit code 2. Build might be incomplete.
14:50:24 **** Incremental Build of configuration Debug for project mouse_type6 ****
make -j8 all 
arm-none-eabi-g++ "../Core/CPP/Src/adachi.cpp" -mcpu=cortex-m4 -std=gnu++14 -g3 -DUSE_HAL_DRIVER -DSTM32F411xE -DDEBUG -c -I../Drivers/CMSIS/Include -I../Drivers/STM32F4xx_HAL_Driver/Inc -I../Core/Inc -I../Drivers/CMSIS/Device/ST/STM32F4xx/Include -I../Drivers/STM32F4xx_HAL_Driver/Inc/Legacy -I"C:/Users/sato1/Desktop/micromouse_type6/mouse_type6/Core/Include" -I"C:/Users/sato1/Desktop/micromouse_type6/mouse_type6/Core/CPP/Inc" -O0 -ffunction-sections -fdata-sections -fno-exceptions -fno-rtti -fno-threadsafe-statics -fno-use-cxa-atexit -Wall -fstack-usage -MMD -MP -MF"Core/CPP/Src/adachi.d" -MT"Core/CPP/Src/adachi.o" --specs=nano.specs -mfpu=fpv4-sp-d16 -mfloat-abi=hard -mthumb -o "Core/CPP/Src/adachi.o"
../Core/CPP/Src/adachi.cpp: In member function 'int adachi::get_next_dir(t_position, int, t_position*)':
../Core/CPP/Src/adachi.cpp:79:1: warning: no return statement in function returning non-void [-Wreturn-type]
 }
 ^
../Core/CPP/Src/adachi.cpp:57:4: warning: 'priority' may be used uninitialized in this function [-Wmaybe-uninitialized]
    if(priority < tmp_priority)
    ^~
arm-none-eabi-g++ -o "mouse_type6.elf" @"objects.list"   -mcpu=cortex-m4 -T"C:\Users\sato1\Desktop\micromouse_type6\mouse_type6\STM32F411CEUX_FLASH.ld" -Wl,-Map="mouse_type6.map" -Wl,--gc-sections -static --specs=nano.specs -mfpu=fpv4-sp-d16 -mfloat-abi=hard -mthumb -u _printf_float -Wl,--start-group -lc -lm -lstdc++ -lsupc++ -Wl,--end-group
Finished building target: mouse_type6.elf
 
arm-none-eabi-objdump -h -S  mouse_type6.elf  > "mouse_type6.list"
arm-none-eabi-objcopy  -O binary  mouse_type6.elf  "mouse_type6.bin"
arm-none-eabi-size   mouse_type6.elf 
   text	   data	    bss	    dec	    hex	filename
 190196	    788	  33184	 224168	  36ba8	mouse_type6.elf
Finished building: default.size.stdout
 
Finished building: mouse_type6.bin
 
Finished building: mouse_type6.list
 
14:51:03 **** Incremental Build of configuration Debug for project mouse_type6 ****
make -j8 all 
arm-none-eabi-g++ "../Core/CPP/Src/adachi.cpp" -mcpu=cortex-m4 -std=gnu++14 -g3 -DUSE_HAL_DRIVER -DSTM32F411xE -DDEBUG -c -I../Drivers/CMSIS/Include -I../Drivers/STM32F4xx_HAL_Driver/Inc -I../Core/Inc -I../Drivers/CMSIS/Device/ST/STM32F4xx/Include -I../Drivers/STM32F4xx_HAL_Driver/Inc/Legacy -I"C:/Users/sato1/Desktop/micromouse_type6/mouse_type6/Core/Include" -I"C:/Users/sato1/Desktop/micromouse_type6/mouse_type6/Core/CPP/Inc" -O0 -ffunction-sections -fdata-sections -fno-exceptions -fno-rtti -fno-threadsafe-statics -fno-use-cxa-atexit -Wall -fstack-usage -MMD -MP -MF"Core/CPP/Src/adachi.d" -MT"Core/CPP/Src/adachi.o" --specs=nano.specs -mfpu=fpv4-sp-d16 -mfloat-abi=hard -mthumb -o "Core/CPP/Src/adachi.o"
../Core/CPP/Src/adachi.cpp: In member function 'int adachi::get_next_dir(t_position, int, t_position*)':
../Core/CPP/Src/adachi.cpp:81:1: warning: no return statement in function returning non-void [-Wreturn-type]
 }
 ^
arm-none-eabi-g++ -o "mouse_type6.elf" @"objects.list"   -mcpu=cortex-m4 -T"C:\Users\sato1\Desktop\micromouse_type6\mouse_type6\STM32F411CEUX_FLASH.ld" -Wl,-Map="mouse_type6.map" -Wl,--gc-sections -static --specs=nano.specs -mfpu=fpv4-sp-d16 -mfloat-abi=hard -mthumb -u _printf_float -Wl,--start-group -lc -lm -lstdc++ -lsupc++ -Wl,--end-group
Finished building target: mouse_type6.elf
 
arm-none-eabi-objdump -h -S  mouse_type6.elf  > "mouse_type6.list"
arm-none-eabi-objcopy  -O binary  mouse_type6.elf  "mouse_type6.bin"
arm-none-eabi-size   mouse_type6.elf 
   text	   data	    bss	    dec	    hex	filename
 190196	    788	  33184	 224168	  36ba8	mouse_type6.elf
Finished building: default.size.stdout
 
Finished building: mouse_type6.bin
 
Finished building: mouse_type6.list
 
15:04:08 **** Incremental Build of configuration Debug for project mouse_type6 ****
make -j8 all 
arm-none-eabi-g++ "../Core/CPP/Src/adachi.cpp" -mcpu=cortex-m4 -std=gnu++14 -g3 -DUSE_HAL_DRIVER -DSTM32F411xE -DDEBUG -c -I../Drivers/CMSIS/Include -I../Drivers/STM32F4xx_HAL_Driver/Inc -I../Core/Inc -I../Drivers/CMSIS/Device/ST/STM32F4xx/Include -I../Drivers/STM32F4xx_HAL_Driver/Inc/Legacy -I"C:/Users/sato1/Desktop/micromouse_type6/mouse_type6/Core/Include" -I"C:/Users/sato1/Desktop/micromouse_type6/mouse_type6/Core/CPP/Inc" -O0 -ffunction-sections -fdata-sections -fno-exceptions -fno-rtti -fno-threadsafe-statics -fno-use-cxa-atexit -Wall -fstack-usage -MMD -MP -MF"Core/CPP/Src/adachi.d" -MT"Core/CPP/Src/adachi.o" --specs=nano.specs -mfpu=fpv4-sp-d16 -mfloat-abi=hard -mthumb -o "Core/CPP/Src/adachi.o"
../Core/CPP/Src/adachi.cpp: In member function 'int adachi::get_next_dir(t_position, int, t_position*)':
../Core/CPP/Src/adachi.cpp:89:33: error: 'mypox' was not declared in this scope
   if(map_property->map[mypos.x][mypox.y-1] < little)
                                 ^~~~~
../Core/CPP/Src/adachi.cpp:89:33: note: suggested alternative: 'mypos'
   if(map_property->map[mypos.x][mypox.y-1] < little)
                                 ^~~~~
                                 mypos
../Core/CPP/Src/adachi.cpp:109:1: warning: no return statement in function returning non-void [-Wreturn-type]
 }
 ^
make: *** [Core/CPP/Src/subdir.mk:60: Core/CPP/Src/adachi.o] Error 1
"make -j8 all" terminated with exit code 2. Build might be incomplete.
15:08:09 **** Incremental Build of configuration Debug for project mouse_type6 ****
make -j8 all 
arm-none-eabi-g++ "../Core/CPP/Src/adachi.cpp" -mcpu=cortex-m4 -std=gnu++14 -g3 -DUSE_HAL_DRIVER -DSTM32F411xE -DDEBUG -c -I../Drivers/CMSIS/Include -I../Drivers/STM32F4xx_HAL_Driver/Inc -I../Core/Inc -I../Drivers/CMSIS/Device/ST/STM32F4xx/Include -I../Drivers/STM32F4xx_HAL_Driver/Inc/Legacy -I"C:/Users/sato1/Desktop/micromouse_type6/mouse_type6/Core/Include" -I"C:/Users/sato1/Desktop/micromouse_type6/mouse_type6/Core/CPP/Inc" -O0 -ffunction-sections -fdata-sections -fno-exceptions -fno-rtti -fno-threadsafe-statics -fno-use-cxa-atexit -Wall -fstack-usage -MMD -MP -MF"Core/CPP/Src/adachi.d" -MT"Core/CPP/Src/adachi.o" --specs=nano.specs -mfpu=fpv4-sp-d16 -mfloat-abi=hard -mthumb -o "Core/CPP/Src/adachi.o"
../Core/CPP/Src/adachi.cpp: In member function 'int adachi::get_next_dir(t_position, int, t_position*)':
../Core/CPP/Src/adachi.cpp:95:38: error: 'mypox' was not declared in this scope
   else if(map_property->map[mypos.x][mypox.y-1] == little)
                                      ^~~~~
../Core/CPP/Src/adachi.cpp:95:38: note: suggested alternative: 'mypos'
   else if(map_property->map[mypos.x][mypox.y-1] == little)
                                      ^~~~~
                                      mypos
../Core/CPP/Src/adachi.cpp:123:1: warning: no return statement in function returning non-void [-Wreturn-type]
 }
 ^
make: *** [Core/CPP/Src/subdir.mk:60: Core/CPP/Src/adachi.o] Error 1
"make -j8 all" terminated with exit code 2. Build might be incomplete.
15:08:20 **** Incremental Build of configuration Debug for project mouse_type6 ****
make -j8 all 
arm-none-eabi-g++ "../Core/CPP/Src/adachi.cpp" -mcpu=cortex-m4 -std=gnu++14 -g3 -DUSE_HAL_DRIVER -DSTM32F411xE -DDEBUG -c -I../Drivers/CMSIS/Include -I../Drivers/STM32F4xx_HAL_Driver/Inc -I../Core/Inc -I../Drivers/CMSIS/Device/ST/STM32F4xx/Include -I../Drivers/STM32F4xx_HAL_Driver/Inc/Legacy -I"C:/Users/sato1/Desktop/micromouse_type6/mouse_type6/Core/Include" -I"C:/Users/sato1/Desktop/micromouse_type6/mouse_type6/Core/CPP/Inc" -O0 -ffunction-sections -fdata-sections -fno-exceptions -fno-rtti -fno-threadsafe-statics -fno-use-cxa-atexit -Wall -fstack-usage -MMD -MP -MF"Core/CPP/Src/adachi.d" -MT"Core/CPP/Src/adachi.o" --specs=nano.specs -mfpu=fpv4-sp-d16 -mfloat-abi=hard -mthumb -o "Core/CPP/Src/adachi.o"
../Core/CPP/Src/adachi.cpp: In member function 'int adachi::get_next_dir(t_position, int, t_position*)':
../Core/CPP/Src/adachi.cpp:123:1: warning: no return statement in function returning non-void [-Wreturn-type]
 }
 ^
arm-none-eabi-g++ -o "mouse_type6.elf" @"objects.list"   -mcpu=cortex-m4 -T"C:\Users\sato1\Desktop\micromouse_type6\mouse_type6\STM32F411CEUX_FLASH.ld" -Wl,-Map="mouse_type6.map" -Wl,--gc-sections -static --specs=nano.specs -mfpu=fpv4-sp-d16 -mfloat-abi=hard -mthumb -u _printf_float -Wl,--start-group -lc -lm -lstdc++ -lsupc++ -Wl,--end-group
Finished building target: mouse_type6.elf
 
arm-none-eabi-objdump -h -S  mouse_type6.elf  > "mouse_type6.list"
arm-none-eabi-objcopy  -O binary  mouse_type6.elf  "mouse_type6.bin"
arm-none-eabi-size   mouse_type6.elf 
   text	   data	    bss	    dec	    hex	filename
 190196	    788	  33184	 224168	  36ba8	mouse_type6.elf
Finished building: default.size.stdout
 
Finished building: mouse_type6.bin
 
Finished building: mouse_type6.list
 
15:09:19 **** Incremental Build of configuration Debug for project mouse_type6 ****
make -j8 all 
arm-none-eabi-g++ "../Core/CPP/Src/adachi.cpp" -mcpu=cortex-m4 -std=gnu++14 -g3 -DUSE_HAL_DRIVER -DSTM32F411xE -DDEBUG -c -I../Drivers/CMSIS/Include -I../Drivers/STM32F4xx_HAL_Driver/Inc -I../Core/Inc -I../Drivers/CMSIS/Device/ST/STM32F4xx/Include -I../Drivers/STM32F4xx_HAL_Driver/Inc/Legacy -I"C:/Users/sato1/Desktop/micromouse_type6/mouse_type6/Core/Include" -I"C:/Users/sato1/Desktop/micromouse_type6/mouse_type6/Core/CPP/Inc" -O0 -ffunction-sections -fdata-sections -fno-exceptions -fno-rtti -fno-threadsafe-statics -fno-use-cxa-atexit -Wall -fstack-usage -MMD -MP -MF"Core/CPP/Src/adachi.d" -MT"Core/CPP/Src/adachi.o" --specs=nano.specs -mfpu=fpv4-sp-d16 -mfloat-abi=hard -mthumb -o "Core/CPP/Src/adachi.o"
arm-none-eabi-g++ -o "mouse_type6.elf" @"objects.list"   -mcpu=cortex-m4 -T"C:\Users\sato1\Desktop\micromouse_type6\mouse_type6\STM32F411CEUX_FLASH.ld" -Wl,-Map="mouse_type6.map" -Wl,--gc-sections -static --specs=nano.specs -mfpu=fpv4-sp-d16 -mfloat-abi=hard -mthumb -u _printf_float -Wl,--start-group -lc -lm -lstdc++ -lsupc++ -Wl,--end-group
Finished building target: mouse_type6.elf
 
arm-none-eabi-objdump -h -S  mouse_type6.elf  > "mouse_type6.list"
arm-none-eabi-objcopy  -O binary  mouse_type6.elf  "mouse_type6.bin"
arm-none-eabi-size   mouse_type6.elf 
   text	   data	    bss	    dec	    hex	filename
 190196	    788	  33184	 224168	  36ba8	mouse_type6.elf
Finished building: default.size.stdout
 
Finished building: mouse_type6.bin
 
Finished building: mouse_type6.list
 
15:22:53 **** Incremental Build of configuration Debug for project mouse_type6 ****
make -j8 all 
arm-none-eabi-g++ "../Core/CPP/Src/adachi.cpp" -mcpu=cortex-m4 -std=gnu++14 -g3 -DUSE_HAL_DRIVER -DSTM32F411xE -DDEBUG -c -I../Drivers/CMSIS/Include -I../Drivers/STM32F4xx_HAL_Driver/Inc -I../Core/Inc -I../Drivers/CMSIS/Device/ST/STM32F4xx/Include -I../Drivers/STM32F4xx_HAL_Driver/Inc/Legacy -I"C:/Users/sato1/Desktop/micromouse_type6/mouse_type6/Core/Include" -I"C:/Users/sato1/Desktop/micromouse_type6/mouse_type6/Core/CPP/Inc" -O0 -ffunction-sections -fdata-sections -fno-exceptions -fno-rtti -fno-threadsafe-statics -fno-use-cxa-atexit -Wall -fstack-usage -MMD -MP -MF"Core/CPP/Src/adachi.d" -MT"Core/CPP/Src/adachi.o" --specs=nano.specs -mfpu=fpv4-sp-d16 -mfloat-abi=hard -mthumb -o "Core/CPP/Src/adachi.o"
arm-none-eabi-g++ "../Core/CPP/Src/main.cpp" -mcpu=cortex-m4 -std=gnu++14 -g3 -DUSE_HAL_DRIVER -DSTM32F411xE -DDEBUG -c -I../Drivers/CMSIS/Include -I../Drivers/STM32F4xx_HAL_Driver/Inc -I../Core/Inc -I../Drivers/CMSIS/Device/ST/STM32F4xx/Include -I../Drivers/STM32F4xx_HAL_Driver/Inc/Legacy -I"C:/Users/sato1/Desktop/micromouse_type6/mouse_type6/Core/Include" -I"C:/Users/sato1/Desktop/micromouse_type6/mouse_type6/Core/CPP/Inc" -O0 -ffunction-sections -fdata-sections -fno-exceptions -fno-rtti -fno-threadsafe-statics -fno-use-cxa-atexit -Wall -fstack-usage -MMD -MP -MF"Core/CPP/Src/main.d" -MT"Core/CPP/Src/main.o" --specs=nano.specs -mfpu=fpv4-sp-d16 -mfloat-abi=hard -mthumb -o "Core/CPP/Src/main.o"
arm-none-eabi-g++ "../Core/CPP/Src/wall_class.cpp" -mcpu=cortex-m4 -std=gnu++14 -g3 -DUSE_HAL_DRIVER -DSTM32F411xE -DDEBUG -c -I../Drivers/CMSIS/Include -I../Drivers/STM32F4xx_HAL_Driver/Inc -I../Core/Inc -I../Drivers/CMSIS/Device/ST/STM32F4xx/Include -I../Drivers/STM32F4xx_HAL_Driver/Inc/Legacy -I"C:/Users/sato1/Desktop/micromouse_type6/mouse_type6/Core/Include" -I"C:/Users/sato1/Desktop/micromouse_type6/mouse_type6/Core/CPP/Inc" -O0 -ffunction-sections -fdata-sections -fno-exceptions -fno-rtti -fno-threadsafe-statics -fno-use-cxa-atexit -Wall -fstack-usage -MMD -MP -MF"Core/CPP/Src/wall_class.d" -MT"Core/CPP/Src/wall_class.o" --specs=nano.specs -mfpu=fpv4-sp-d16 -mfloat-abi=hard -mthumb -o "Core/CPP/Src/wall_class.o"
arm-none-eabi-g++ -o "mouse_type6.elf" @"objects.list"   -mcpu=cortex-m4 -T"C:\Users\sato1\Desktop\micromouse_type6\mouse_type6\STM32F411CEUX_FLASH.ld" -Wl,-Map="mouse_type6.map" -Wl,--gc-sections -static --specs=nano.specs -mfpu=fpv4-sp-d16 -mfloat-abi=hard -mthumb -u _printf_float -Wl,--start-group -lc -lm -lstdc++ -lsupc++ -Wl,--end-group
Finished building target: mouse_type6.elf
 
arm-none-eabi-objdump -h -S  mouse_type6.elf  > "mouse_type6.list"
arm-none-eabi-objcopy  -O binary  mouse_type6.elf  "mouse_type6.bin"
arm-none-eabi-size   mouse_type6.elf 
   text	   data	    bss	    dec	    hex	filename
 190196	    788	  33184	 224168	  36ba8	mouse_type6.elf
Finished building: default.size.stdout
 
Finished building: mouse_type6.bin
 
Finished building: mouse_type6.list
 
15:24:50 **** Incremental Build of configuration Debug for project mouse_type6 ****
make -j8 all 
arm-none-eabi-g++ "../Core/CPP/Src/wall_class.cpp" -mcpu=cortex-m4 -std=gnu++14 -g3 -DUSE_HAL_DRIVER -DSTM32F411xE -DDEBUG -c -I../Drivers/CMSIS/Include -I../Drivers/STM32F4xx_HAL_Driver/Inc -I../Core/Inc -I../Drivers/CMSIS/Device/ST/STM32F4xx/Include -I../Drivers/STM32F4xx_HAL_Driver/Inc/Legacy -I"C:/Users/sato1/Desktop/micromouse_type6/mouse_type6/Core/Include" -I"C:/Users/sato1/Desktop/micromouse_type6/mouse_type6/Core/CPP/Inc" -O0 -ffunction-sections -fdata-sections -fno-exceptions -fno-rtti -fno-threadsafe-statics -fno-use-cxa-atexit -Wall -fstack-usage -MMD -MP -MF"Core/CPP/Src/wall_class.d" -MT"Core/CPP/Src/wall_class.o" --specs=nano.specs -mfpu=fpv4-sp-d16 -mfloat-abi=hard -mthumb -o "Core/CPP/Src/wall_class.o"
arm-none-eabi-g++ -o "mouse_type6.elf" @"objects.list"   -mcpu=cortex-m4 -T"C:\Users\sato1\Desktop\micromouse_type6\mouse_type6\STM32F411CEUX_FLASH.ld" -Wl,-Map="mouse_type6.map" -Wl,--gc-sections -static --specs=nano.specs -mfpu=fpv4-sp-d16 -mfloat-abi=hard -mthumb -u _printf_float -Wl,--start-group -lc -lm -lstdc++ -lsupc++ -Wl,--end-group
Finished building target: mouse_type6.elf
 
arm-none-eabi-objdump -h -S  mouse_type6.elf  > "mouse_type6.list"
arm-none-eabi-objcopy  -O binary  mouse_type6.elf  "mouse_type6.bin"
arm-none-eabi-size   mouse_type6.elf 
   text	   data	    bss	    dec	    hex	filename
 190196	    788	  33184	 224168	  36ba8	mouse_type6.elf
Finished building: default.size.stdout
 
Finished building: mouse_type6.bin
 
Finished building: mouse_type6.list
 
15:56:21 **** Incremental Build of configuration Debug for project mouse_type6 ****
make -j8 all 
arm-none-eabi-size   mouse_type6.elf 
   text	   data	    bss	    dec	    hex	filename
 190196	    788	  33184	 224168	  36ba8	mouse_type6.elf
Finished building: default.size.stdout
 
15:58:40 **** Incremental Build of configuration Debug for project mouse_type6 ****
make -j8 all 
[...]
arm-none-eabi-size   mouse_type6.elf 
   text	   data	    bss	    dec	    hex	filename
 209892	    812	  25072	 235776	  39900	mouse_type6.elf
Finished building: default.size.stdout
 
Finished building: mouse_type6.bin
 
Finished building: mouse_type6.list
 
12:19:36 **** Incremental Build of configuration Debug for project mouse_type6 ****
make -j8 all 
arm-none-eabi-g++ "../Core/CPP/Src/make_path_expand.cpp" -mcpu=cortex-m4 -std=gnu++14 -g3 -DUSE_HAL_DRIVER -DSTM32F411xE -DDEBUG -c -I../Drivers/CMSIS/Include -I../Drivers/STM32F4xx_HAL_Driver/Inc -I../Core/Inc -I../Drivers/CMSIS/Device/ST/STM32F4xx/Include -I../Drivers/STM32F4xx_HAL_Driver/Inc/Legacy -I"C:/Users/sato1/Desktop/micromouse_type6/mouse_type6/Core/Include" -I"C:/Users/sato1/Desktop/micromouse_type6/mouse_type6/Core/CPP/Inc" -O0 -ffunction-sections -fdata-sections -fno-exceptions -fno-rtti -fno-threadsafe-statics -fno-use-cxa-atexit -Wall -fstack-usage -MMD -MP -MF"Core/CPP/Src/make_path_expand.d" -MT"Core/CPP/Src/make_path_expand.o" --specs=nano.specs -mfpu=fpv4-sp-d16 -mfloat-abi=hard -mthumb -o "Core/CPP/Src/make_path_expand.o"
../Core/CPP/Src/make_path_expand.cpp: In member function 'void Dijkstra::turn_outR135_expand(t_posDijkstra, t_direction)':
../Core/CPP/Src/make_path_expand.cpp:708:14: warning: unused variable 'next_dir' [-Wunused-variable]
  t_direction next_dir = (t_direction)DIR_TURN_DIAG_R135((int)m_dir);
              ^~~~~~~~
../Core/CPP/Src/make_path_expand.cpp: In member function 'void Dijkstra::turn_outL135_expand(t_posDijkstra, t_direction)':
../Core/CPP/Src/make_path_expand.cpp:713:14: warning: unused variable 'next_dir' [-Wunused-variable]
  t_direction next_dir = (t_direction)DIR_TURN_DIAG_L135((int)m_dir);
              ^~~~~~~~
../Core/CPP/Src/make_path_expand.cpp: In member function 'void Dijkstra::turn_vR90_expand(t_posDijkstra, t_direction)':
../Core/CPP/Src/make_path_expand.cpp:788:14: warning: unused variable 'next_dir' [-Wunused-variable]
  t_direction next_dir = (t_direction)DIR_TURN_DIAG_R90((int)m_dir);
              ^~~~~~~~
../Core/CPP/Src/make_path_expand.cpp: In member function 'void Dijkstra::turn_vL90_expand(t_posDijkstra, t_direction)':
../Core/CPP/Src/make_path_expand.cpp:793:14: warning: unused variable 'next_dir' [-Wunused-variable]
  t_direction next_dir = (t_direction)DIR_TURN_DIAG_L90((int)m_dir);
              ^~~~~~~~
arm-none-eabi-g++ -o "mouse_type6.elf" @"objects.list"   -mcpu=cortex-m4 -T"C:\Users\sato1\Desktop\micromouse_type6\mouse_type6\STM32F411CEUX_FLASH.ld" -Wl,-Map="mouse_type6.map" -Wl,--gc-sections -static --specs=nano.specs -mfpu=fpv4-sp-d16 -mfloat-abi=hard -mthumb -u _printf_float -Wl,--start-group -lc -lm -lstdc++ -lsupc++ -Wl,--end-group
Finished building target: mouse_type6.elf
 
arm-none-eabi-objdump -h -S  mouse_type6.elf  > "mouse_type6.list"
arm-none-eabi-objcopy  -O binary  mouse_type6.elf  "mouse_type6.bin"
arm-none-eabi-size   mouse_type6.elf 
   text	   data	    bss	    dec	    hex	filename
 209892	    812	  25072	 235776	  39900	mouse_type6.elf
Finished building: default.size.stdout
 
Finished building: mouse_type6.bin
 
Finished building: mouse_type6.list
 
12:26:18 **** Incremental Build of configuration Debug for project mouse_type6 ****
make -j8 all 
arm-none-eabi-g++ "../Core/CPP/Src/make_path_expand.cpp" -mcpu=cortex-m4 -std=gnu++14 -g3 -DUSE_HAL_DRIVER -DSTM32F411xE -DDEBUG -c -I../Drivers/CMSIS/Include -I../Drivers/STM32F4xx_HAL_Driver/Inc -I../Core/Inc -I../Drivers/CMSIS/Device/ST/STM32F4xx/Include -I../Drivers/STM32F4xx_HAL_Driver/Inc/Legacy -I"C:/Users/sato1/Desktop/micromouse_type6/mouse_type6/Core/Include" -I"C:/Users/sato1/Desktop/micromouse_type6/mouse_type6/Core/CPP/Inc" -O0 -ffunction-sections -fdata-sections -fno-exceptions -fno-rtti -fno-threadsafe-statics -fno-use-cxa-atexit -Wall -fstack-usage -MMD -MP -MF"Core/CPP/Src/make_path_expand.d" -MT"Core/CPP/Src/make_path_expand.o" --specs=nano.specs -mfpu=fpv4-sp-d16 -mfloat-abi=hard -mthumb -o "Core/CPP/Src/make_path_expand.o"
../Core/CPP/Src/make_path_expand.cpp: In member function 'void Dijkstra::turn_outL135_expand(t_posDijkstra, t_direction)':
../Core/CPP/Src/make_path_expand.cpp:749:14: warning: unused variable 'next_dir' [-Wunused-variable]
  t_direction next_dir = (t_direction)DIR_TURN_DIAG_L135((int)m_dir);
              ^~~~~~~~
../Core/CPP/Src/make_path_expand.cpp: In member function 'void Dijkstra::turn_vR90_expand(t_posDijkstra, t_direction)':
../Core/CPP/Src/make_path_expand.cpp:824:14: warning: unused variable 'next_dir' [-Wunused-variable]
  t_direction next_dir = (t_direction)DIR_TURN_DIAG_R90((int)m_dir);
              ^~~~~~~~
../Core/CPP/Src/make_path_expand.cpp: In member function 'void Dijkstra::turn_vL90_expand(t_posDijkstra, t_direction)':
../Core/CPP/Src/make_path_expand.cpp:829:14: warning: unused variable 'next_dir' [-Wunused-variable]
  t_direction next_dir = (t_direction)DIR_TURN_DIAG_L90((int)m_dir);
              ^~~~~~~~
arm-none-eabi-g++ -o "mouse_type6.elf" @"objects.list"   -mcpu=cortex-m4 -T"C:\Users\sato1\Desktop\micromouse_type6\mouse_type6\STM32F411CEUX_FLASH.ld" -Wl,-Map="mouse_type6.map" -Wl,--gc-sections -static --specs=nano.specs -mfpu=fpv4-sp-d16 -mfloat-abi=hard -mthumb -u _printf_float -Wl,--start-group -lc -lm -lstdc++ -lsupc++ -Wl,--end-group
Finished building target: mouse_type6.elf
 
arm-none-eabi-objdump -h -S  mouse_type6.elf  > "mouse_type6.list"
arm-none-eabi-objcopy  -O binary  mouse_type6.elf  "mouse_type6.bin"
arm-none-eabi-size   mouse_type6.elf 
   text	   data	    bss	    dec	    hex	filename
 209892	    812	  25072	 235776	  39900	mouse_type6.elf
Finished building: default.size.stdout
 
Finished building: mouse_type6.bin
 
Finished building: mouse_type6.list
 
12:30:24 **** Incremental Build of configuration Debug for project mouse_type6 ****
make -j8 all 
arm-none-eabi-g++ "../Core/CPP/Src/make_path_expand.cpp" -mcpu=cortex-m4 -std=gnu++14 -g3 -DUSE_HAL_DRIVER -DSTM32F411xE -DDEBUG -c -I../Drivers/CMSIS/Include -I../Drivers/STM32F4xx_HAL_Driver/Inc -I../Core/Inc -I../Drivers/CMSIS/Device/ST/STM32F4xx/Include -I../Drivers/STM32F4xx_HAL_Driver/Inc/Legacy -I"C:/Users/sato1/Desktop/micromouse_type6/mouse_type6/Core/Include" -I"C:/Users/sato1/Desktop/micromouse_type6/mouse_type6/Core/CPP/Inc" -O0 -ffunction-sections -fdata-sections -fno-exceptions -fno-rtti -fno-threadsafe-statics -fno-use-cxa-atexit -Wall -fstack-usage -MMD -MP -MF"Core/CPP/Src/make_path_expand.d" -MT"Core/CPP/Src/make_path_expand.o" --specs=nano.specs -mfpu=fpv4-sp-d16 -mfloat-abi=hard -mthumb -o "Core/CPP/Src/make_path_expand.o"
../Core/CPP/Src/make_path_expand.cpp: In member function 'void Dijkstra::turn_vR90_expand(t_posDijkstra, t_direction)':
../Core/CPP/Src/make_path_expand.cpp:861:14: warning: unused variable 'next_dir' [-Wunused-variable]
  t_direction next_dir = (t_direction)DIR_TURN_DIAG_R90((int)m_dir);
              ^~~~~~~~
../Core/CPP/Src/make_path_expand.cpp: In member function 'void Dijkstra::turn_vL90_expand(t_posDijkstra, t_direction)':
../Core/CPP/Src/make_path_expand.cpp:866:14: warning: unused variable 'next_dir' [-Wunused-variable]
  t_direction next_dir = (t_direction)DIR_TURN_DIAG_L90((int)m_dir);
              ^~~~~~~~
arm-none-eabi-g++ -o "mouse_type6.elf" @"objects.list"   -mcpu=cortex-m4 -T"C:\Users\sato1\Desktop\micromouse_type6\mouse_type6\STM32F411CEUX_FLASH.ld" -Wl,-Map="mouse_type6.map" -Wl,--gc-sections -static --specs=nano.specs -mfpu=fpv4-sp-d16 -mfloat-abi=hard -mthumb -u _printf_float -Wl,--start-group -lc -lm -lstdc++ -lsupc++ -Wl,--end-group
Finished building target: mouse_type6.elf
 
arm-none-eabi-objdump -h -S  mouse_type6.elf  > "mouse_type6.list"
arm-none-eabi-objcopy  -O binary  mouse_type6.elf  "mouse_type6.bin"
arm-none-eabi-size   mouse_type6.elf 
   text	   data	    bss	    dec	    hex	filename
 209892	    812	  25072	 235776	  39900	mouse_type6.elf
Finished building: default.size.stdout
 
Finished building: mouse_type6.bin
 
Finished building: mouse_type6.list
 
12:33:58 **** Incremental Build of configuration Debug for project mouse_type6 ****
make -j8 all 
arm-none-eabi-g++ "../Core/CPP/Src/make_path_expand.cpp" -mcpu=cortex-m4 -std=gnu++14 -g3 -DUSE_HAL_DRIVER -DSTM32F411xE -DDEBUG -c -I../Drivers/CMSIS/Include -I../Drivers/STM32F4xx_HAL_Driver/Inc -I../Core/Inc -I../Drivers/CMSIS/Device/ST/STM32F4xx/Include -I../Drivers/STM32F4xx_HAL_Driver/Inc/Legacy -I"C:/Users/sato1/Desktop/micromouse_type6/mouse_type6/Core/Include" -I"C:/Users/sato1/Desktop/micromouse_type6/mouse_type6/Core/CPP/Inc" -O0 -ffunction-sections -fdata-sections -fno-exceptions -fno-rtti -fno-threadsafe-statics -fno-use-cxa-atexit -Wall -fstack-usage -MMD -MP -MF"Core/CPP/Src/make_path_expand.d" -MT"Core/CPP/Src/make_path_expand.o" --specs=nano.specs -mfpu=fpv4-sp-d16 -mfloat-abi=hard -mthumb -o "Core/CPP/Src/make_path_expand.o"
arm-none-eabi-g++ -o "mouse_type6.elf" @"objects.list"   -mcpu=cortex-m4 -T"C:\Users\sato1\Desktop\micromouse_type6\mouse_type6\STM32F411CEUX_FLASH.ld" -Wl,-Map="mouse_type6.map" -Wl,--gc-sections -static --specs=nano.specs -mfpu=fpv4-sp-d16 -mfloat-abi=hard -mthumb -u _printf_float -Wl,--start-group -lc -lm -lstdc++ -lsupc++ -Wl,--end-group
Finished building target: mouse_type6.elf
 
arm-none-eabi-objdump -h -S  mouse_type6.elf  > "mouse_type6.list"
arm-none-eabi-objcopy  -O binary  mouse_type6.elf  "mouse_type6.bin"
arm-none-eabi-size   mouse_type6.elf 
   text	   data	    bss	    dec	    hex	filename
 209892	    812	  25072	 235776	  39900	mouse_type6.elf
Finished building: default.size.stdout
 
Finished building: mouse_type6.bin
 
Finished building: mouse_type6.list
 
13:51:36 **** Incremental Build of configuration Debug for project mouse_type6 ****
make -j8 all 
arm-none-eabi-g++ "../Core/CPP/Src/make_path_expand.cpp" -mcpu=cortex-m4 -std=gnu++14 -g3 -DUSE_HAL_DRIVER -DSTM32F411xE -DDEBUG -c -I../Drivers/CMSIS/Include -I../Drivers/STM32F4xx_HAL_Driver/Inc -I../Core/Inc -I../Drivers/CMSIS/Device/ST/STM32F4xx/Include -I../Drivers/STM32F4xx_HAL_Driver/Inc/Legacy -I"C:/Users/sato1/Desktop/micromouse_type6/mouse_type6/Core/Include" -I"C:/Users/sato1/Desktop/micromouse_type6/mouse_type6/Core/CPP/Inc" -O0 -ffunction-sections -fdata-sections -fno-exceptions -fno-rtti -fno-threadsafe-statics -fno-use-cxa-atexit -Wall -fstack-usage -MMD -MP -MF"Core/CPP/Src/make_path_expand.d" -MT"Core/CPP/Src/make_path_expand.o" --specs=nano.specs -mfpu=fpv4-sp-d16 -mfloat-abi=hard -mthumb -o "Core/CPP/Src/make_path_expand.o"
arm-none-eabi-g++ -o "mouse_type6.elf" @"objects.list"   -mcpu=cortex-m4 -T"C:\Users\sato1\Desktop\micromouse_type6\mouse_type6\STM32F411CEUX_FLASH.ld" -Wl,-Map="mouse_type6.map" -Wl,--gc-sections -static --specs=nano.specs -mfpu=fpv4-sp-d16 -mfloat-abi=hard -mthumb -u _printf_float -Wl,--start-group -lc -lm -lstdc++ -lsupc++ -Wl,--end-group
Finished building target: mouse_type6.elf
 
arm-none-eabi-objdump -h -S  mouse_type6.elf  > "mouse_type6.list"
arm-none-eabi-objcopy  -O binary  mouse_type6.elf  "mouse_type6.bin"
arm-none-eabi-size   mouse_type6.elf 
   text	   data	    bss	    dec	    hex	filename
 209892	    812	  25072	 235776	  39900	mouse_type6.elf
Finished building: default.size.stdout
 
Finished building: mouse_type6.bin
 
Finished building: mouse_type6.list
 
13:52:52 **** Incremental Build of configuration Debug for project mouse_type6 ****
make -j8 all 
arm-none-eabi-size   mouse_type6.elf 
   text	   data	    bss	    dec	    hex	filename
 209892	    812	  25072	 235776	  39900	mouse_type6.elf
Finished building: default.size.stdout
 
13:53:47 **** Incremental Build of configuration Debug for project mouse_type6 ****
make -j8 all 
arm-none-eabi-g++ "../Core/CPP/Src/make_path_expand.cpp" -mcpu=cortex-m4 -std=gnu++14 -g3 -DUSE_HAL_DRIVER -DSTM32F411xE -DDEBUG -c -I../Drivers/CMSIS/Include -I../Drivers/STM32F4xx_HAL_Driver/Inc -I../Core/Inc -I../Drivers/CMSIS/Device/ST/STM32F4xx/Include -I../Drivers/STM32F4xx_HAL_Driver/Inc/Legacy -I"C:/Users/sato1/Desktop/micromouse_type6/mouse_type6/Core/Include" -I"C:/Users/sato1/Desktop/micromouse_type6/mouse_type6/Core/CPP/Inc" -O0 -ffunction-sections -fdata-sections -fno-exceptions -fno-rtti -fno-threadsafe-statics -fno-use-cxa-atexit -Wall -fstack-usage -MMD -MP -MF"Core/CPP/Src/make_path_expand.d" -MT"Core/CPP/Src/make_path_expand.o" --specs=nano.specs -mfpu=fpv4-sp-d16 -mfloat-abi=hard -mthumb -o "Core/CPP/Src/make_path_expand.o"
arm-none-eabi-g++ -o "mouse_type6.elf" @"objects.list"   -mcpu=cortex-m4 -T"C:\Users\sato1\Desktop\micromouse_type6\mouse_type6\STM32F411CEUX_FLASH.ld" -Wl,-Map="mouse_type6.map" -Wl,--gc-sections -static --specs=nano.specs -mfpu=fpv4-sp-d16 -mfloat-abi=hard -mthumb -u _printf_float -Wl,--start-group -lc -lm -lstdc++ -lsupc++ -Wl,--end-group
Finished building target: mouse_type6.elf
 
arm-none-eabi-objdump -h -S  mouse_type6.elf  > "mouse_type6.list"
arm-none-eabi-objcopy  -O binary  mouse_type6.elf  "mouse_type6.bin"
arm-none-eabi-size   mouse_type6.elf 
   text	   data	    bss	    dec	    hex	filename
 209892	    812	  25072	 235776	  39900	mouse_type6.elf
Finished building: default.size.stdout
 
Finished building: mouse_type6.bin
 
Finished building: mouse_type6.list
 
14:08:18 **** Incremental Build of configuration Debug for project mouse_type6 ****
make -j8 all 
arm-none-eabi-g++ "../Core/CPP/Src/make_path_expand.cpp" -mcpu=cortex-m4 -std=gnu++14 -g3 -DUSE_HAL_DRIVER -DSTM32F411xE -DDEBUG -c -I../Drivers/CMSIS/Include -I../Drivers/STM32F4xx_HAL_Driver/Inc -I../Core/Inc -I../Drivers/CMSIS/Device/ST/STM32F4xx/Include -I../Drivers/STM32F4xx_HAL_Driver/Inc/Legacy -I"C:/Users/sato1/Desktop/micromouse_type6/mouse_type6/Core/Include" -I"C:/Users/sato1/Desktop/micromouse_type6/mouse_type6/Core/CPP/Inc" -O0 -ffunction-sections -fdata-sections -fno-exceptions -fno-rtti -fno-threadsafe-statics -fno-use-cxa-atexit -Wall -fstack-usage -MMD -MP -MF"Core/CPP/Src/make_path_expand.d" -MT"Core/CPP/Src/make_path_expand.o" --specs=nano.specs -mfpu=fpv4-sp-d16 -mfloat-abi=hard -mthumb -o "Core/CPP/Src/make_path_expand.o"
arm-none-eabi-g++ -o "mouse_type6.elf" @"objects.list"   -mcpu=cortex-m4 -T"C:\Users\sato1\Desktop\micromouse_type6\mouse_type6\STM32F411CEUX_FLASH.ld" -Wl,-Map="mouse_type6.map" -Wl,--gc-sections -static --specs=nano.specs -mfpu=fpv4-sp-d16 -mfloat-abi=hard -mthumb -u _printf_float -Wl,--start-group -lc -lm -lstdc++ -lsupc++ -Wl,--end-group
Finished building target: mouse_type6.elf
 
arm-none-eabi-objdump -h -S  mouse_type6.elf  > "mouse_type6.list"
arm-none-eabi-objcopy  -O binary  mouse_type6.elf  "mouse_type6.bin"
arm-none-eabi-size   mouse_type6.elf 
   text	   data	    bss	    dec	    hex	filename
 209892	    812	  25072	 235776	  39900	mouse_type6.elf
Finished building: default.size.stdout
 
Finished building: mouse_type6.bin
 
Finished building: mouse_type6.list
 
14:22:17 **** Incremental Build of configuration Debug for project mouse_type6 ****
make -j8 all 
arm-none-eabi-g++ "../Core/CPP/Src/make_path_expand.cpp" -mcpu=cortex-m4 -std=gnu++14 -g3 -DUSE_HAL_DRIVER -DSTM32F411xE -DDEBUG -c -I../Drivers/CMSIS/Include -I../Drivers/STM32F4xx_HAL_Driver/Inc -I../Core/Inc -I../Drivers/CMSIS/Device/ST/STM32F4xx/Include -I../Drivers/STM32F4xx_HAL_Driver/Inc/Legacy -I"C:/Users/sato1/Desktop/micromouse_type6/mouse_type6/Core/Include" -I"C:/Users/sato1/Desktop/micromouse_type6/mouse_type6/Core/CPP/Inc" -O0 -ffunction-sections -fdata-sections -fno-exceptions -fno-rtti -fno-threadsafe-statics -fno-use-cxa-atexit -Wall -fstack-usage -MMD -MP -MF"Core/CPP/Src/make_path_expand.d" -MT"Core/CPP/Src/make_path_expand.o" --specs=nano.specs -mfpu=fpv4-sp-d16 -mfloat-abi=hard -mthumb -o "Core/CPP/Src/make_path_expand.o"
arm-none-eabi-g++ -o "mouse_type6.elf" @"objects.list"   -mcpu=cortex-m4 -T"C:\Users\sato1\Desktop\micromouse_type6\mouse_type6\STM32F411CEUX_FLASH.ld" -Wl,-Map="mouse_type6.map" -Wl,--gc-sections -static --specs=nano.specs -mfpu=fpv4-sp-d16 -mfloat-abi=hard -mthumb -u _printf_float -Wl,--start-group -lc -lm -lstdc++ -lsupc++ -Wl,--end-group
Finished building target: mouse_type6.elf
 
arm-none-eabi-objdump -h -S  mouse_type6.elf  > "mouse_type6.list"
arm-none-eabi-objcopy  -O binary  mouse_type6.elf  "mouse_type6.bin"
arm-none-eabi-size   mouse_type6.elf 
   text	   data	    bss	    dec	    hex	filename
 209892	    812	  25072	 235776	  39900	mouse_type6.elf
Finished building: default.size.stdout
 
Finished building: mouse_type6.bin
 
Finished building: mouse_type6.list
 
18:20:24 **** Incremental Build of configuration Debug for project mouse_type6 ****
make -j8 all 
arm-none-eabi-g++ "../Core/CPP/Src/make_path_expand.cpp" -mcpu=cortex-m4 -std=gnu++14 -g3 -DUSE_HAL_DRIVER -DSTM32F411xE -DDEBUG -c -I../Drivers/CMSIS/Include -I../Drivers/STM32F4xx_HAL_Driver/Inc -I../Core/Inc -I../Drivers/CMSIS/Device/ST/STM32F4xx/Include -I../Drivers/STM32F4xx_HAL_Driver/Inc/Legacy -I"C:/Users/sato1/Desktop/micromouse_type6/mouse_type6/Core/Include" -I"C:/Users/sato1/Desktop/micromouse_type6/mouse_type6/Core/CPP/Inc" -O0 -ffunction-sections -fdata-sections -fno-exceptions -fno-rtti -fno-threadsafe-statics -fno-use-cxa-atexit -Wall -fstack-usage -MMD -MP -MF"Core/CPP/Src/make_path_expand.d" -MT"Core/CPP/Src/make_path_expand.o" --specs=nano.specs -mfpu=fpv4-sp-d16 -mfloat-abi=hard -mthumb -o "Core/CPP/Src/make_path_expand.o"
arm-none-eabi-g++ -o "mouse_type6.elf" @"objects.list"   -mcpu=cortex-m4 -T"C:\Users\sato1\Desktop\micromouse_type6\mouse_type6\STM32F411CEUX_FLASH.ld" -Wl,-Map="mouse_type6.map" -Wl,--gc-sections -static --specs=nano.specs -mfpu=fpv4-sp-d16 -mfloat-abi=hard -mthumb -u _printf_float -Wl,--start-group -lc -lm -lstdc++ -lsupc++ -Wl,--end-group
Finished building target: mouse_type6.elf
 
arm-none-eabi-objdump -h -S  mouse_type6.elf  > "mouse_type6.list"
arm-none-eabi-objcopy  -O binary  mouse_type6.elf  "mouse_type6.bin"
arm-none-eabi-size   mouse_type6.elf 
   text	   data	    bss	    dec	    hex	filename
 209892	    812	  25072	 235776	  39900	mouse_type6.elf
Finished building: default.size.stdout
 
Finished building: mouse_type6.bin
 
Finished building: mouse_type6.list
 
18:21:07 **** Incremental Build of configuration Debug for project mouse_type6 ****
make -j8 all 
arm-none-eabi-g++ "../Core/CPP/Src/make_path_expand.cpp" -mcpu=cortex-m4 -std=gnu++14 -g3 -DUSE_HAL_DRIVER -DSTM32F411xE -DDEBUG -c -I../Drivers/CMSIS/Include -I../Drivers/STM32F4xx_HAL_Driver/Inc -I../Core/Inc -I../Drivers/CMSIS/Device/ST/STM32F4xx/Include -I../Drivers/STM32F4xx_HAL_Driver/Inc/Legacy -I"C:/Users/sato1/Desktop/micromouse_type6/mouse_type6/Core/Include" -I"C:/Users/sato1/Desktop/micromouse_type6/mouse_type6/Core/CPP/Inc" -O0 -ffunction-sections -fdata-sections -fno-exceptions -fno-rtti -fno-threadsafe-statics -fno-use-cxa-atexit -Wall -fstack-usage -MMD -MP -MF"Core/CPP/Src/make_path_expand.d" -MT"Core/CPP/Src/make_path_expand.o" --specs=nano.specs -mfpu=fpv4-sp-d16 -mfloat-abi=hard -mthumb -o "Core/CPP/Src/make_path_expand.o"
arm-none-eabi-g++ -o "mouse_type6.elf" @"objects.list"   -mcpu=cortex-m4 -T"C:\Users\sato1\Desktop\micromouse_type6\mouse_type6\STM32F411CEUX_FLASH.ld" -Wl,-Map="mouse_type6.map" -Wl,--gc-sections -static --specs=nano.specs -mfpu=fpv4-sp-d16 -mfloat-abi=hard -mthumb -u _printf_float -Wl,--start-group -lc -lm -lstdc++ -lsupc++ -Wl,--end-group
Finished building target: mouse_type6.elf
 
arm-none-eabi-objdump -h -S  mouse_type6.elf  > "mouse_type6.list"
arm-none-eabi-objcopy  -O binary  mouse_type6.elf  "mouse_type6.bin"
arm-none-eabi-size   mouse_type6.elf 
   text	   data	    bss	    dec	    hex	filename
 209892	    812	  25072	 235776	  39900	mouse_type6.elf
Finished building: default.size.stdout
 
Finished building: mouse_type6.bin
 
Finished building: mouse_type6.list
 
19:17:17 **** Incremental Build of configuration Debug for project mouse_type6 ****
make -j8 all 
arm-none-eabi-size   mouse_type6.elf 
   text	   data	    bss	    dec	    hex	filename
 209892	    812	  25072	 235776	  39900	mouse_type6.elf
Finished building: default.size.stdout
 
